// Vitest Snapshot v1, https://vitest.dev/guide/snapshot.html

exports[`jiugong v6 server engine > matches every legacy field for 'compound surname' 1`] = `
{
  "actionDesc": "",
  "actionRel": "金平金",
  "ageStar": "驿马星(奔驰星)",
  "ageStarDesc": "长程奔波，动态工作",
  "ageStarFull": "驿马星（奔驰星）：掌管奔驰、忙碌。与车星不同的是它是跑长程的，甚而漂洋过海，比较稳定持续地跑。若驿马星出现则人之元神会有外游的感应，若逢事业工作是动态的则不易疲惫。长程奔波，动态工作。",
  "arrowDown": "奴仆宫与人格五行等同（比和），无生克箭头——与朋友下属之间无明显的给与取。",
  "arrowSummary": "箭头越向着自己，就越能够得到那方面的帮助与机会：两个箭头都向着自己（如李嘉诚——老天爷帮他、属下支持他），格局最佳；一个向内也行；两个箭头都冲着外面别人的话，就比较辛苦了。",
  "arrowUp": "父母宫（天格）箭头向着你：父母、配偶、领导会自然地对你好，很容易受到长辈的照顾、领导的赏识。",
  "caiKuFull": {
    "描述": "靠专业成名；靠个人知名度打开后，钱就进来。最怕人家不认识你，要想办法出名，让专业领域达到巅峰。",
    "类型": "名气暗财型",
    "详解": [
      "一、要懂得表现自己；要靠专业成名；要懂得攀附。",
      "二、这模式亦可经营赌，但忌赌。",
      "三、最怕人家不认识你，所以要想办法出名，让专业领域达到巅峰。",
      "四、靠个人知名度打开后，钱就进来。",
      "五、流年运势走到冠带、死，最有成名机会。",
      "六、具赌才，对事业敢冒险，尤其投资旁门左道、法律边缘的。",
      "七、关键时刻，易有奇发财，但起来快，倒下也快，属大起大落型。往往发在投机，也倒在投机。",
      "八、最好走正途，不然发了后，劫就来了。因赌或投机而发，因劫而下来。两极化，大起大落，很少富豪的。",
      "九、带组织要身先士卒，名气愈大，组织愈大。容易自我清高，别人要带动您很难。",
      "十、若走演艺界要先打出知名度，红了以后，钱就进来。",
    ],
  },
  "caiKuJia3": undefined,
  "caiKuJia3Note": undefined,
  "caigongXie": undefined,
  "caigongXieNote": undefined,
  "careerDir": {
    "特质": "外表看起来孤僻、不好亲近，其实相当重感情；刚毅坚忍、很能吃苦，不轻易向别人妥协——个位数7的女生比男生更倔强、强势、脾气更硬。",
    "职业": "人格属金适合从事和金融有关的行业（但不是叫你去炒股票）；个位数7适合研究、分析的类型：金融业、电子业研发人员、专业理财分析师等。",
    "达人": "金融达人",
  },
  "careerHealth": "五行中的金影响到人的呼吸系统和皮肤，人格属金的人常容易有呼吸道或皮肤敏感的毛病，要多加留意。",
  "day": 20,
  "di": 27,
  "diWx": "金",
  "energyFull": {
    "临官": "扩大发展，主动运。发展期，忙碌升官，扩张事业版图。动力十足，创业升官看基础。这一年适合积极进取、扩大影响力，但需注意打好基础再行动。",
    "养": "吸收期，根基成长，积累培养。防投机取巧。养得助力在人际，长生贵人生两地。这一阶段需要沉淀和蓄力，为后面的突破做准备。",
    "冠带": "发挥本质最大，主动运。成熟期，自我表现，成名上位，但有抗性。这是能量最强的主动运之一，适合展现个人魅力与能力，但需注意不要过于高调而招致反弹。",
    "帝旺": "巅峰期，能量最强也最乱。高亢天助，防贪防傲。这是能量周期的顶点，最强大的运程，但也是容易失控的时期。若是帝旺还负债，后运滚滚筑高台。",
    "死": "破灭期，终止停顿，不宜妄动。脆弱易碎，外地贵人，放下执念。看似最差的运程，但死也意味着旧的事物终结，为新开始腾出空间。",
    "病": "病变期，变化与乱，需谨慎。波折考验，冷静检查。这一年容易出现各种小问题和不顺利，需要格外谨慎。身体和事业都需要定期"体检"。",
    "绝": "谷底期，空窗空洞，等待时机。结束重生，新的开始。这是能量最低点，也是转机的前夜。不宜做任何重大决策，静待时来运转。",
    "胎": "酝酿期，谷底被动，新想法萌生。新的起点，一切刚刚开始。胎是谷底也是转机，一切变量九宫管。这个时候适合学习和积累，不要急于求成。",
    "衰": "倦怠期，回收守成，防变防换。守住退守，被动运。这一年不宜大动作，适合回收整理、稳固已有成果。守成为主，不可轻举妄动。",
    "长生": "成长期，突破期，被动运。贵人相助，人和行动。这是新一轮上升的开始，适合积极行动，把握人际关系带来的机会。",
  },
  "groups": [
    {
      "ages": "1-9岁",
      "count": 9,
      "name": "巅峰运",
    },
    {
      "ages": "10-18岁",
      "count": 9,
      "name": "靠山运",
    },
    {
      "ages": "19-27岁",
      "count": 9,
      "name": "打拼运",
    },
    {
      "ages": "28-36岁",
      "count": 9,
      "name": "小得运",
    },
    {
      "ages": "37-45岁",
      "count": 9,
      "name": "追击运",
    },
    {
      "ages": "46-54岁",
      "count": 9,
      "name": "专注运",
    },
    {
      "ages": "55-63岁",
      "count": 9,
      "name": "虚名运",
    },
    {
      "ages": "64-72岁",
      "count": 9,
      "name": "功名运",
    },
    {
      "ages": "73-81岁",
      "count": 9,
      "name": "组织运",
    },
    {
      "ages": "82-90岁",
      "count": 9,
      "name": "回收运",
    },
  ],
  "guaJiedu": "不要去抢，一半就掉",
  "guaKoujue": "烦烦杂杂事生机 要抢必有胎落地",
  "guaName": "流产",
  "guaPositive": "事将成而流产、功败垂成。",
  "guaReverse": "若你今年事竟有成、未致流产，那代表你守得住、养得成；若屡屡流产，须检视是否时机未熟或养护不当。",
  "guaShixu": false,
  "ju": 3,
  "juDesc": "士农工商皆通，用心惜福",
  "juFull": "【口诀】不知前世是何物？投胎来此得福禄。士农工商我皆通，但求用心和惜福。

今生前程发展的指标是上辈子修来的福报，机会与发展都比别人顺利一些，不管是求功名、官途、专业技术或者生产工作职场上发展和经商，你都可以行得通；唯一该注意的是不管做任何事都要很用心，并且对于提拔造就你的人要懂得回馈和惜福（懂得迎合上意）。

局差三者，一辈子的路一定有人安排。若要问局差几最好命？大概就是差三的。不过好命的人通常也懒惰，只要懂得珍惜，才不会枉费差三的好命格局。这也可以当老板。

总结：局3的人最要处理好人际关系，另外就是要坚持；成就就容易。",
  "liunianDetail": {
    "副名": "酝酿运",
    "动能": "二动能被动暗中酝酿由不动慢慢转成会动动作缓慢的导引往新的方位前进",
    "发展现象": "五运势现象凡走到胎运是反射一个运势周期的开始将可慢慢摆脱前期的不顺或更往上爬但力量很弱因此决定任何事情不能操之过急是一个计画酝酿等待的运程也因为磁场内吸故容易得到贵人相助是被动式的运是否极来好运来之前的一个运",
    "心态": "四心态转变型的心态会产生新的欲望有追求新发展新希望的心态甚至于有幻想出现",
    "生命力": "三生命力一个生命周期的开始但很脆弱往往经不起打击故在这一段运中最怕受到环境的打击或刺激意志力较薄弱身体状况比较容易不好或有不顺或有流失尤其以岁以后的人走到这一段运体能不强很容易备病菌感染",
    "磁场": "一磁场弱由无到有万物由无到有的时候必有吸力产生自然而然外围的力量会被吸入在运势的解说上将可得到外围的助力",
    "运用法则": "六注意事项意志力薄弱要预防环境影响打击而放弃前进此段运做违法的事情很容易被逮到操作汤头歌诀安胎养气汤先求安心勿离母体少存幻想等待时机培养人际以思考为主",
  },
  "liunianState": "胎",
  "lowerCaution": "求财禄为主，在原来资源中创造利润，不宜扩充新领域、不宜投资（尤其不可加码投资）。绝对不能拿钱去赚钱，完全靠劳力、智慧、本事赚钱。自我入库可花钱置产（买房有实质收益不损失）；为防劫财可定存、买房。下层入库管账为主，把钱留住。",
  "lowerEnergy": "长生",
  "lowerGua": "入库长生",
  "lowerNote": "唯一一个只有收没有攻的氛围，入库气主套住，投资易被套牢、钱财出去难回收。小心劫财，朋友借钱、借贷、炒股易亏本。下层入库是被环境劫财、泄财，别人得财你出财，被动一概不行。自我入库为为己花钱、钱财被劫。",
  "lowerQi": "入库",
  "lowerStrategy": "跟随既有资源",
  "mainFunc": "副功能",
  "mainFuncAction": "行动功能主后天行动模式，副功能最喜欢主动（行动功能阳性反应）；动脑筋、动人际关系，需配合人家、找合作对象。",
  "mainFuncDesc": "善用头脑、人际关系、机会点，需要合作不能独闯",
  "mainFuncMethod": "与下属、配偶、子女、同辈磁场关系为主（35岁后后天个性）；副功能在于经营人际关系、抓住机会点，从政多于从商，宜合作勿独闯。",
  "mainNum": 6,
  "marriage": "平双",
  "marriageBreakKey": undefined,
  "marriageDesc": "势均力敌（人格与地格五行等同、阴阳相同）",
  "marriageFull": {
    "七条": [
      "一、平双类似淡相，有点自恋型；双相婚前会有不稳定的现象、会有离异之产生，倾向精神上的感受。",
      "二、第一次姻缘对象选得不好易破裂；对感情较能调适，对夫妻生活看得较淡。",
      "三、平双且命格属木→火者，更无姻缘（木→火较顾人怨，尤以行动功能更明显）。",
      "四、淡相、平双、困象较易与外地人结婚。",
    ],
    "建议": "平双应早婚，否则很难结婚（理性型）；要他人介绍，拖晚则缘份变淡。",
    "总述": "平双类似于淡象（略自恋型）。与淡象不一样的是：淡象的人婚姻已尽后，往往用投入事业作为排遣；平双的人则很容易有第二次婚姻。双象的第一次姻缘本来就不稳定，不要太执着于青梅竹马的情人。",
    "缘灭": "（1）第一次婚缘最容易变卦，因为平双有二度、两次的特性；（2）姻缘断灭在婚姻生活索然无味；一旦婚姻不好，心很容易冷淡，不再经营这段婚姻——平双离婚后会再结一次婚。",
    "缘续": "（1）女人是平双，她的婚姻很满足、很安逸、很享受，多半平顺稳定；（2）夫妻相敬如宾不会有问题；如果精神转移到工作或其它方面，婚姻状况就不好。",
    "缘起": "与淡象类似，婚姻的缘起同样是在早婚：平双的人越晚婚越容易出问题，并且要他人介绍；如果拖得太晚，缘份会越来越淡。",
  },
  "marriageSub": "平双",
  "mgtDesc": "迅雷型管理",
  "mgtFull": "管理指数甚高（80分），排名第三。管理细胞再生速度很快，像肝细胞一样可以再生。在管理上很容易进入状况，并且有多重变化。迅雷式的管理风格——让人有雷厉风行的感觉。是唯一可以接受行动功能呈阳性反应者的一型。名人：曹操、毛泽东。",
  "mgtScore": 80,
  "mgtType": "急风型",
  "month": 1,
  "name": "欧阳修文",
  "outerCaution": "求团结为主，避开争执，求量不求价，息事宁人，不要有对立、诉讼。与人纠纷易牵扯难化解，可运用业绩竞赛化解争端；对下属要激励比赛。能量好则突破竞争，能量不好则被夹杀。",
  "outerEnergy": "胎",
  "outerGua": "争夺胎",
  "outerNote": "求的是生存不是利润。最忌与人结怨、争抢生意。易招惹官司、纠纷，不可投资或走法律漏洞。文书契约特别留意，易搞上是非官司；买卖房子纠纷多，留意产权不清、或喜欢的房子被别人抢。运好伤害小，运不好伤害大、化解不易。会引起贪念，绝对不能投机。",
  "outerQi": "争夺",
  "outerStrategy": "需上层支持",
  "ren": 27,
  "renWx": "金",
  "selfCaution": "求财禄为主，在原来资源中创造利润，不宜扩充新领域、不宜投资（尤其不可加码投资）。绝对不能拿钱去赚钱，完全靠劳力、智慧、本事赚钱。自我入库可花钱置产（买房有实质收益不损失）；为防劫财可定存、买房。下层入库管账为主，把钱留住。",
  "selfEnergy": "长生",
  "selfGua": "入库长生",
  "selfNote": "唯一一个只有收没有攻的氛围，入库气主套住，投资易被套牢、钱财出去难回收。小心劫财，朋友借钱、借贷、炒股易亏本。下层入库是被环境劫财、泄财，别人得财你出财，被动一概不行。自我入库为为己花钱、钱财被劫。",
  "selfQi": "入库",
  "selfStrategy": "跟随既有资源",
  "subSupport": {
    "要点": "捉摸不定",
    "说明": "独树一帜。",
  },
  "subSupportNum": 9,
  "thinkDesc": "",
  "thinkRel": "金克土",
  "tian": 26,
  "tianWx": "土",
  "total": 39,
  "unknownChars": [],
  "upperCaution": "求升格为主，在原来资源中往上提升、求得成长，不宜过度膨胀、透支发展、超过体质。承接老板给的机会，组织扩大、开分公司；稳健经营。自我走升创造第二个获利（限于正财）。对属下授权、让其成长。",
  "upperEnergy": "冠带",
  "upperGua": "升格冠带",
  "upperNote": "想升官须平时跟上层保持良好人际关系，待上层有空缺异动才有机会。负面有官司上升、另谋职业、三心二意、脱离现有工作往外发展。下层走升合伙必拆、属下抗拒、别人升官对你不利；夫妻不能共事。田宅容易由一而二。",
  "upperQi": "升格",
  "upperStrategy": "积极表现",
  "wai": 12,
  "wealthPalace": "库平",
  "wealthPalaceDesc": "从商格，说话婉转",
  "wealthPath": "局平（名气暗财型）：靠专业成名",
  "wxActionFull": "",
  "wxThinkFull": "",
  "xiangStrategy": {
    "争夺": {
      "caution": "能力见真章，竞争激烈",
      "lower": "奖惩分明防挖角",
      "outer": "守好基本盘再扩张",
      "self": "能力被考验",
      "upper": "需上层支持",
    },
    "享成": {
      "caution": "最忌得意忘形",
      "lower": "大方分享凝聚人心",
      "outer": "巩固合作关系",
      "self": "犒赏自己",
      "upper": "感恩回报",
    },
    "付出": {
      "caution": "放弃则前功尽弃",
      "lower": "短期看不到回报",
      "outer": "多付出少计较",
      "self": "不要放弃",
      "upper": "付出不求回报",
    },
    "入库": {
      "caution": "守成为上，不宜冒进",
      "lower": "给下属安全感",
      "outer": "维护老客户",
      "self": "守住老本不宜开创",
      "upper": "跟随既有资源",
    },
    "升格": {
      "caution": "升格也招嫉妒，注意人际",
      "lower": "栽培人才",
      "outer": "适宜谈判签约",
      "self": "提升自身层级",
      "upper": "积极表现",
    },
    "名望": {
      "caution": "名望双刃剑，忌骄傲",
      "lower": "以身作则",
      "outer": "建立口碑",
      "self": "打造个人品牌",
      "upper": "展现专业",
    },
    "开拓": {
      "caution": "不可冲太快，稳中求进",
      "lower": "激团队士气",
      "outer": "拓展新合作",
      "self": "开拓新领域",
      "upper": "获授权大胆前进",
    },
    "晦暗": {
      "caution": "容易被误导，高调必有是非",
      "lower": "多关心少强求",
      "outer": "不熟领域别碰",
      "self": "反思学习",
      "upper": "不宜主动请缨",
    },
    "转变": {
      "caution": "前五年经营决定转好转坏，不可独闯",
      "lower": "引导下属适应变化",
      "outer": "合作关键转折点",
      "self": "抛弃旧包袱扭转乾坤",
      "upper": "跟上沟通转型方向",
    },
  },
  "xingyunCaution": "",
  "xingyunFull": "要在混乱中求成长，在短利暴发中容易杀出重围，一生中遇到越乱的环境越有机会。事业与家庭需谨慎平衡，过度侧重一方可能带来关系紧张。持续守业是必修课程。财气强，附加价值高。",
  "xingyunMeaning": "",
  "xingyunName": "短发星",
  "xingyunPoints": [
    "1要在混乱中求成长，在短利暴发中容易杀出重围，一生中遇到越乱的环境越有机会。",
    "2女命逢此星座不宜发展事业，反者婚姻有损）",
    "3持续守业是它的必修课程",
    "4财气强，附加价值高，有暗财",
    "5在 27.33.35.39.49笔画中，先天婚姻经营较不顺；",
    "└ 还好",
  ],
  "xingyunTips": "",
  "xingyunTrait": "",
  "xuAge": 26,
  "year": 2001,
  "years": [
    {
      "age": 1,
      "chance": "名望",
      "gua": "登峰",
      "jiedu": "最好的运，看你成就水平",
      "koujue": "登峰谦卑可造极 求名得名利得利",
      "year": 2001,
      "yun": "帝旺",
    },
    {
      "age": 2,
      "chance": "入库",
      "gua": "忌贪",
      "jiedu": "不可贪心",
      "koujue": "有气无力节节退 贪得无厌必自毁",
      "year": 2002,
      "yun": "衰",
    },
    {
      "age": 3,
      "chance": "升格",
      "gua": "图利",
      "jiedu": "可激流勇退变现",
      "koujue": "原封不动难相处 转变必有利可图",
      "year": 2003,
      "yun": "病",
    },
    {
      "age": 4,
      "chance": "开拓",
      "gua": "野心",
      "jiedu": "关键卦，横向跨界要慢",
      "koujue": "鹊巢易主鸠来占 野心勃勃速难成",
      "year": 2004,
      "yun": "死",
    },
    {
      "age": 5,
      "chance": "转变",
      "gua": "过时",
      "jiedu": "没机会了可转移",
      "koujue": "飞龙在天已过时 再闯天关必有失",
      "year": 2005,
      "yun": "绝",
    },
    {
      "age": 6,
      "chance": "晦暗",
      "gua": "求藏",
      "jiedu": "主动退下来低调",
      "koujue": "昏天暗地事难解 求藏容易求脱难",
      "year": 2006,
      "yun": "胎",
    },
    {
      "age": 7,
      "chance": "享成",
      "gua": "赐福",
      "jiedu": "可赐福不可解难",
      "koujue": "天官赐福在年初 喜事可遇祸不求",
      "year": 2007,
      "yun": "养",
    },
    {
      "age": 8,
      "chance": "争夺",
      "gua": "假象",
      "jiedu": "所有现象都是假的",
      "koujue": "内有困像外有机 恐是一片假象起",
      "year": 2008,
      "yun": "长生",
    },
    {
      "age": 9,
      "chance": "付出",
      "gua": "断后",
      "jiedu": "不可投资",
      "koujue": "世外桃源似奇迹 忙得前段无后期",
      "year": 2009,
      "yun": "冠带",
    },
    {
      "age": 10,
      "chance": "名望",
      "gua": "名声",
      "jiedu": "找大靠山大你72倍",
      "koujue": "机到同时运当前 二郎神边哮天犬",
      "year": 2010,
      "yun": "临官",
    },
    {
      "age": 11,
      "chance": "入库",
      "gua": "努力",
      "jiedu": "经商好从政得支持",
      "koujue": "金银财宝在地底 努力挖掘莫猜疑",
      "year": 2011,
      "yun": "帝旺",
    },
    {
      "age": 12,
      "chance": "升格",
      "gua": "栽培",
      "jiedu": "主动要求更上层",
      "koujue": "升官机会前等待 求得贵人把我栽",
      "year": 2012,
      "yun": "衰",
    },
    {
      "age": 13,
      "chance": "开拓",
      "gua": "失蹄",
      "jiedu": "不该投资",
      "koujue": "今日风采不如昔 四战三败马失蹄",
      "year": 2013,
      "yun": "病",
    },
    {
      "age": 14,
      "chance": "转变",
      "gua": "转世",
      "jiedu": "关键卦，看似无路却能救",
      "koujue": "山穷水尽疑无路 柳暗花明又一村",
      "year": 2014,
      "yun": "死",
    },
    {
      "age": 15,
      "chance": "晦暗",
      "gua": "乌云",
      "jiedu": "90年最不好的一年",
      "koujue": "陷进泥沼无支撑 又逢满天乌云层",
      "year": 2015,
      "yun": "绝",
    },
    {
      "age": 16,
      "chance": "享成",
      "gua": "回报",
      "jiedu": "只能被动等不能急",
      "koujue": "前种福田好乐施 感恩回报在此时",
      "year": 2016,
      "yun": "胎",
    },
    {
      "age": 17,
      "chance": "争夺",
      "gua": "额外",
      "jiedu": "不要多得",
      "koujue": "纷纷争争外相亲 多得一份苦煞心",
      "year": 2017,
      "yun": "养",
    },
    {
      "age": 18,
      "chance": "付出",
      "gua": "突围",
      "jiedu": "事业会结束",
      "koujue": "四面楚歌十面伏 突出重围江东哭",
      "year": 2018,
      "yun": "长生",
    },
    {
      "age": 19,
      "chance": "名望",
      "gua": "名望",
      "jiedu": "靠知名度，出名七分留三分",
      "koujue": "威震九洲是二爷 光芒四射怕引蝶",
      "year": 2019,
      "yun": "冠带",
    },
    {
      "age": 20,
      "chance": "入库",
      "gua": "昙花",
      "jiedu": "昙花一现要低调",
      "koujue": "拨得云开见月圆 就怕好景昙花现",
      "year": 2020,
      "yun": "临官",
    },
    {
      "age": 21,
      "chance": "升格",
      "gua": "强敌",
      "jiedu": "上去很难还有人拖后腿",
      "koujue": "更上层楼已艰辛 奈何又现程咬金",
      "year": 2021,
      "yun": "帝旺",
    },
    {
      "age": 22,
      "chance": "开拓",
      "gua": "退隐",
      "jiedu": "要退后放下修身养性",
      "koujue": "缓缓衰退名难再 不如修道或吃斋",
      "year": 2022,
      "yun": "衰",
    },
    {
      "age": 23,
      "chance": "转变",
      "gua": "不定",
      "jiedu": "很不稳定的运",
      "koujue": "多云阵阵不定天 早败年底晚三年",
      "year": 2023,
      "yun": "病",
    },
    {
      "age": 24,
      "chance": "晦暗",
      "gua": "暗渡",
      "jiedu": "不能明着做事要低调",
      "koujue": "暗渡陈仓免遭殃 恶名昭彰在本乡",
      "year": 2024,
      "yun": "死",
    },
    {
      "age": 25,
      "chance": "享成",
      "gua": "贵人",
      "jiedu": "关键卦，有贵人",
      "koujue": "我本无心再期待 怎知贵人要安排",
      "year": 2025,
      "yun": "绝",
    },
    {
      "age": 26,
      "chance": "争夺",
      "gua": "流产",
      "jiedu": "不要去抢，一半就掉",
      "koujue": "烦烦杂杂事生机 要抢必有胎落地",
      "year": 2026,
      "yun": "胎",
    },
    {
      "age": 27,
      "chance": "付出",
      "gua": "空欢",
      "jiedu": "被动接来空欢喜",
      "koujue": "处处天象皆是虚 接得召来空欢喜",
      "year": 2027,
      "yun": "养",
    },
    {
      "age": 28,
      "chance": "名望",
      "gua": "小得",
      "jiedu": "适合局3，捡小利",
      "koujue": "天上星星仙女华 捡到小利得小发",
      "year": 2028,
      "yun": "长生",
    },
    {
      "age": 29,
      "chance": "入库",
      "gua": "抑制",
      "jiedu": "要压抑处理好上层",
      "koujue": "下了金牌压岳飞 冲天之志要收回",
      "year": 2029,
      "yun": "冠带",
    },
    {
      "age": 30,
      "chance": "升格",
      "gua": "兼差",
      "jiedu": "可兼差不要去转",
      "koujue": "机会出现有两三 宁可双兼不要转",
      "year": 2030,
      "yun": "临官",
    },
    {
      "age": 31,
      "chance": "开拓",
      "gua": "无果",
      "jiedu": "不要白手起家守成",
      "koujue": "一片荒凉无边际 种得花果古来稀",
      "year": 2031,
      "yun": "帝旺",
    },
    {
      "age": 32,
      "chance": "转变",
      "gua": "外乡",
      "jiedu": "停顿时往外发展",
      "koujue": "此运不佳会倦怠 往外发展两冬期",
      "year": 2032,
      "yun": "衰",
    },
    {
      "age": 33,
      "chance": "晦暗",
      "gua": "多病",
      "jiedu": "相当不好很难渡过",
      "koujue": "体弱多病真无奈 雪上加霜真无奈",
      "year": 2033,
      "yun": "病",
    },
    {
      "age": 34,
      "chance": "享成",
      "gua": "机运",
      "jiedu": "关键卦，人际好有机会",
      "koujue": "机运贵人南与西 尊上亲下做几许",
      "year": 2034,
      "yun": "死",
    },
    {
      "age": 35,
      "chance": "争夺",
      "gua": "忠诚",
      "jiedu": "要光荣的死可结束",
      "koujue": "人生自古谁无死 留取丹心照汗青",
      "year": 2035,
      "yun": "绝",
    },
    {
      "age": 36,
      "chance": "付出",
      "gua": "小利",
      "jiedu": "有人造就可得小利",
      "koujue": "活气出现暗显机 少接无伤造有力",
      "year": 2036,
      "yun": "胎",
    },
    {
      "age": 37,
      "chance": "名望",
      "gua": "两仪",
      "jiedu": "九年一半好一半不好",
      "koujue": "阴阳两仪交互替 年初不顺年冬吉",
      "year": 2037,
      "yun": "养",
    },
    {
      "age": 38,
      "chance": "入库",
      "gua": "正财",
      "jiedu": "慢慢赚在里面赚",
      "koujue": "暗暗吸收缓缓落 阁内成长赚得多",
      "year": 2038,
      "yun": "长生",
    },
    {
      "age": 39,
      "chance": "升格",
      "gua": "升官",
      "jiedu": "帮到别人得到提升",
      "koujue": "盗得玉玺助帝王 获得兵权又加冠",
      "year": 2039,
      "yun": "冠带",
    },
    {
      "age": 40,
      "chance": "开拓",
      "gua": "追击",
      "jiedu": "要追上去主动去追",
      "koujue": "春雨绵绵偶晴天 乘胜追击在当前",
      "year": 2040,
      "yun": "临官",
    },
    {
      "age": 41,
      "chance": "转变",
      "gua": "实虚",
      "jiedu": "前实后虚",
      "koujue": "高峰转变有时机 前段当实后段虚",
      "year": 2041,
      "yun": "帝旺",
    },
    {
      "age": 42,
      "chance": "晦暗",
      "gua": "衰退",
      "jiedu": "越到年底越要注意",
      "koujue": "有人说我是鳌拜 气数将近年底来",
      "year": 2042,
      "yun": "衰",
    },
    {
      "age": 43,
      "chance": "享成",
      "gua": "变节",
      "jiedu": "拿不到更多可能变节",
      "koujue": "锦上添花难封侯 变节之心已难收",
      "year": 2043,
      "yun": "病",
    },
    {
      "age": 44,
      "chance": "争夺",
      "gua": "无依",
      "jiedu": "被动低调",
      "koujue": "曾经风云功与过 今恐贬官又枷锁",
      "year": 2044,
      "yun": "死",
    },
    {
      "age": 45,
      "chance": "付出",
      "gua": "静观",
      "jiedu": "安静观望不闯新",
      "koujue": "不急不忙静观望 守住旧业胜新关",
      "year": 2045,
      "yun": "绝",
    },
    {
      "age": 46,
      "chance": "名望",
      "gua": "空相",
      "jiedu": "太极运，乱抢乱得一场空",
      "koujue": "一场好景似源头 竹篮打水一场空",
      "year": 2046,
      "yun": "胎",
    },
    {
      "age": 47,
      "chance": "入库",
      "gua": "守成",
      "jiedu": "守成",
      "koujue": "问说诸事如何办 只言守成可平安",
      "year": 2047,
      "yun": "养",
    },
    {
      "age": 48,
      "chance": "升格",
      "gua": "无尾",
      "jiedu": "做什么都没有结果",
      "koujue": "呱呱落地袍与冠 定是溥仪或刘禅",
      "year": 2048,
      "yun": "长生",
    },
    {
      "age": 49,
      "chance": "开拓",
      "gua": "破财",
      "jiedu": "换就没机会",
      "koujue": "看似一片好地带 左挖右垦总破财",
      "year": 2049,
      "yun": "冠带",
    },
    {
      "age": 50,
      "chance": "转变",
      "gua": "翻身",
      "jiedu": "关键卦，可被动换工作",
      "koujue": "鲤鱼龙门新身换 除旧布新得满贯",
      "year": 2050,
      "yun": "临官",
    },
    {
      "age": 51,
      "chance": "晦暗",
      "gua": "遭忌",
      "jiedu": "强出头势必遭忌",
      "koujue": "运上大道气落地 亢龙有悔遭人忌",
      "year": 2051,
      "yun": "帝旺",
    },
    {
      "age": 52,
      "chance": "享成",
      "gua": "短发",
      "jiedu": "换了三年也无结果",
      "koujue": "老怕空名利不来 中年达官无三载",
      "year": 2052,
      "yun": "衰",
    },
    {
      "age": 53,
      "chance": "争夺",
      "gua": "赔本",
      "jiedu": "主动投资必输",
      "koujue": "安排设计来招亲 赔了夫人又折兵",
      "year": 2053,
      "yun": "病",
    },
    {
      "age": 54,
      "chance": "付出",
      "gua": "放弃",
      "jiedu": "不要放弃，主动都输",
      "koujue": "放弃一切觅新路 怎知此步会大输",
      "year": 2054,
      "yun": "死",
    },
    {
      "age": 55,
      "chance": "名望",
      "gua": "虚名",
      "jiedu": "九年就是虚名",
      "koujue": "有人送终有人拱 徒有虚名一场空",
      "year": 2055,
      "yun": "绝",
    },
    {
      "age": 56,
      "chance": "入库",
      "gua": "套牢",
      "jiedu": "任何事都不要做",
      "koujue": "秋瑟过后寒冬至 自投罗网难逃脱",
      "year": 2056,
      "yun": "胎",
    },
    {
      "age": 57,
      "chance": "升格",
      "gua": "贪心",
      "jiedu": "现象是假的",
      "koujue": "气压下降非真迹 贪心不足撑破皮",
      "year": 2057,
      "yun": "养",
    },
    {
      "age": 58,
      "chance": "开拓",
      "gua": "奋斗",
      "jiedu": "能得名难得财",
      "koujue": "闻鸡起舞见祖荻 图强有成靠自己",
      "year": 2058,
      "yun": "长生",
    },
    {
      "age": 59,
      "chance": "转变",
      "gua": "追损",
      "jiedu": "还是虚名一年白忙",
      "koujue": "日正当中我当红 夸父追日饮长空",
      "year": 2059,
      "yun": "冠带",
    },
    {
      "age": 60,
      "chance": "晦暗",
      "gua": "盗取",
      "jiedu": "心里有邪念没结果",
      "koujue": "寒夜深深行急急 若非盗取亦投机",
      "year": 2060,
      "yun": "临官",
    },
    {
      "age": 61,
      "chance": "享成",
      "gua": "奇迹",
      "jiedu": "关键卦，求名不求利",
      "koujue": "不管机会排第几 此去前程有奇迹",
      "year": 2061,
      "yun": "帝旺",
    },
    {
      "age": 62,
      "chance": "争夺",
      "gua": "能力",
      "jiedu": "能看出一个人的能力",
      "koujue": "机会是好也是坏 看我贤能或庸才",
      "year": 2062,
      "yun": "衰",
    },
    {
      "age": 63,
      "chance": "付出",
      "gua": "断足",
      "jiedu": "朋友找你合作不要",
      "koujue": "交错朋友失双足 借问足下可帮谁",
      "year": 2063,
      "yun": "病",
    },
    {
      "age": 64,
      "chance": "名望",
      "gua": "功名",
      "jiedu": "奇迹短暂求名不求利",
      "koujue": "日月同光有奇迹 但求功名不求利",
      "year": 2064,
      "yun": "死",
    },
    {
      "age": 65,
      "chance": "入库",
      "gua": "包袱",
      "jiedu": "所有不同都是引狼入室",
      "koujue": "引狼入室变包袱 沉迷最爱必大输",
      "year": 2065,
      "yun": "绝",
    },
    {
      "age": 66,
      "chance": "升格",
      "gua": "承接",
      "jiedu": "旧货可接新货不行",
      "koujue": "承接一切看前例 若是二胎必大吉",
      "year": 2066,
      "yun": "胎",
    },
    {
      "age": 67,
      "chance": "开拓",
      "gua": "惊险",
      "jiedu": "不好的运慢慢来",
      "koujue": "苦果徐徐布满天 渡得有惊却无险",
      "year": 2067,
      "yun": "养",
    },
    {
      "age": 68,
      "chance": "转变",
      "gua": "苦成",
      "jiedu": "前面辛苦后面成长",
      "koujue": "辛苦成长各参半 更上层楼在后段",
      "year": 2068,
      "yun": "长生",
    },
    {
      "age": 69,
      "chance": "晦暗",
      "gua": "过气",
      "jiedu": "机会没了，属下易走光",
      "koujue": "黑夜魑魅飘忽忽 一将功成万骨枯",
      "year": 2069,
      "yun": "冠带",
    },
    {
      "age": 70,
      "chance": "享成",
      "gua": "祖德",
      "jiedu": "考验人际关系",
      "koujue": "二品官爵诸君要 祖上有德贵人罩",
      "year": 2070,
      "yun": "临官",
    },
    {
      "age": 71,
      "chance": "争夺",
      "gua": "接替",
      "jiedu": "关键卦，后面十年大运",
      "koujue": "加官进爵是天意 死了君王我接替",
      "year": 2071,
      "yun": "帝旺",
    },
    {
      "age": 72,
      "chance": "付出",
      "gua": "回收",
      "jiedu": "前面好最后可得利",
      "koujue": "此段回收财官利 持续努力会升级",
      "year": 2072,
      "yun": "衰",
    },
    {
      "age": 73,
      "chance": "名望",
      "gua": "良臣",
      "jiedu": "找到好人才不能独闯",
      "koujue": "众星拱月可上任 左右护法得良臣",
      "year": 2073,
      "yun": "病",
    },
    {
      "age": 74,
      "chance": "入库",
      "gua": "断头",
      "jiedu": "强行出头一定有事",
      "koujue": "坚守资源在本洲 强行出击必断头",
      "year": 2074,
      "yun": "死",
    },
    {
      "age": 75,
      "chance": "升格",
      "gua": "困滩",
      "jiedu": "依靠组织不独立",
      "koujue": "龙困乾涸难伸展 养精蓄锐勿上滩",
      "year": 2075,
      "yun": "绝",
    },
    {
      "age": 76,
      "chance": "开拓",
      "gua": "作梦",
      "jiedu": "好像是机会但假象",
      "koujue": "曙光一现乍见天 就恐造成南柯梦",
      "year": 2076,
      "yun": "胎",
    },
    {
      "age": 77,
      "chance": "转变",
      "gua": "转机",
      "jiedu": "关键卦，8月后马上转",
      "koujue": "天窗一开新鲜气 仲夏过后大转机",
      "year": 2077,
      "yun": "养",
    },
    {
      "age": 78,
      "chance": "晦暗",
      "gua": "是非",
      "jiedu": "不能做暗事高调有是非",
      "koujue": "暗夜偷生异地喜 奈何回乡满城雨",
      "year": 2078,
      "yun": "长生",
    },
    {
      "age": 79,
      "chance": "享成",
      "gua": "不诚",
      "jiedu": "不诚心就没有格局",
      "koujue": "神仙护佑诚心客 枉然独闯难有格",
      "year": 2079,
      "yun": "冠带",
    },
    {
      "age": 80,
      "chance": "争夺",
      "gua": "苦渡",
      "jiedu": "辛苦但能过",
      "koujue": "前有恶煞后有虎 此关渡得真辛苦",
      "year": 2080,
      "yun": "临官",
    },
    {
      "age": 81,
      "chance": "付出",
      "gua": "根基",
      "jiedu": "看前面的基础",
      "koujue": "想再多闯新天地 一切成败看根基",
      "year": 2081,
      "yun": "帝旺",
    },
    {
      "age": 82,
      "chance": "名望",
      "gua": "因果",
      "jiedu": "前五年经营体现",
      "koujue": "机运当强论成败 努力回顾前五载",
      "year": 2082,
      "yun": "衰",
    },
    {
      "age": 83,
      "chance": "入库",
      "gua": "经营",
      "jiedu": "赚七分新亏三分旧",
      "koujue": "七分利来三分债 坚守经营可旺财",
      "year": 2083,
      "yun": "病",
    },
    {
      "age": 84,
      "chance": "升格",
      "gua": "层级",
      "jiedu": "关键卦，看你的层级",
      "koujue": "龙有龙形虎有步 老鼠最盛在暗处",
      "year": 2084,
      "yun": "死",
    },
    {
      "age": 85,
      "chance": "开拓",
      "gua": "未开",
      "jiedu": "按兵不动生门未开",
      "koujue": "今想还阳又何奈 只是生门打不开",
      "year": 2085,
      "yun": "绝",
    },
    {
      "age": 86,
      "chance": "转变",
      "gua": "乾坤",
      "jiedu": "天地运要有正气",
      "koujue": "抛去以往旧包袱 扭转乾坤从头来",
      "year": 2086,
      "yun": "胎",
    },
    {
      "age": 87,
      "chance": "晦暗",
      "gua": "投机",
      "jiedu": "不要投机",
      "koujue": "黑暗煞神从天降 投得短机亏双空",
      "year": 2087,
      "yun": "养",
    },
    {
      "age": 88,
      "chance": "享成",
      "gua": "再生",
      "jiedu": "天来帮助",
      "koujue": "天显神机来相助 求得重生现江湖",
      "year": 2088,
      "yun": "长生",
    },
    {
      "age": 89,
      "chance": "争夺",
      "gua": "忙碌",
      "jiedu": "打好基础不可独闯",
      "koujue": "帅喜印来将要旗 一夫当关万人敌",
      "year": 2089,
      "yun": "冠带",
    },
    {
      "age": 90,
      "chance": "付出",
      "gua": "奔驰",
      "jiedu": "不能休息要跑起来",
      "koujue": "赤兔神驹风和配 日奔千里不觉累",
      "year": 2090,
      "yun": "临官",
    },
  ],
  "zhi": 9,
  "zhiCaution": "切忌懒散无斗志、贪念投机；越乱越要定心，借势而不被势乱。",
  "zhiDesc": "变化型，破坏与创意并存",
  "zhiElement": "阳水",
  "zhiFull": "变化型，破坏与创意并存",
  "zhiMeaning": "这一辈子的前程，带有『变化与破坏并存』的特质——你善变、有创意、能破能立，越乱的环境越能杀出重围；但也易被是非、小人、贪念牵动，须懂得攀附与合作。",
  "zhiName": "五鬼星",
  "zhiTips": [
    19,
    30,
    41,
    52,
    63,
    74,
    85,
    96,
  ],
  "zong": 39,
}
`;

exports[`jiugong v6 server engine > matches every legacy field for 'three-character name' 1`] = `
{
  "actionDesc": "",
  "actionRel": "土克木",
  "ageStar": "田宅星(口舌星)",
  "ageStarDesc": "置产修屋，口舌是非",
  "ageStarFull": "田宅星（口舌星）：掌管住宅、房地产等。每逢田宅星出现，则很容易有置产及修屋之机会。假如再碰到迁移宫发动，则迁移之新宅多为福宅。以口舌为业者（教育、演说、歌唱、行销等）反而显得出色。若运势不好则易招惹口舌是非。",
  "arrowDown": "奴仆宫（地格/子女宫）箭头向着你：你是一个很容易受朋友支持照顾的人，很有群众魅力——企业家、当领导的最需要这种命格，没有他人的帮忙，事业是做不大的。",
  "arrowSummary": "箭头越向着自己，就越能够得到那方面的帮助与机会：两个箭头都向着自己（如李嘉诚——老天爷帮他、属下支持他），格局最佳；一个向内也行；两个箭头都冲着外面别人的话，就比较辛苦了。",
  "arrowUp": "父母宫与人格五行等同（比和），无生克箭头——上下关系平顺自然，无明显的给与取。",
  "caiKuFull": {
    "描述": "受栽培、赚钱无人知，有如吸尘器由内部接收成长；靠机会、人际、组织运作，易暴起暴落。",
    "类型": "机运暗财型",
    "详解": [
      "一、容易是：受保护、栽培或企业家第二代；流行时机。凝聚力超强，没什么抗性，有带动组织功能，若只相信自己，组织做不起来。为保守派，适金融业、娱乐业、顾问业、佣金行业、高利润行业。",
      "二、赚钱无人知，有如吸尘器，由内部接收成长，很会吸钱。成长起来会回头挖墙角（内部经营）。",
      "三、周遭的人愿意卖命。污钱较不会被捉到。易暴起暴落。若跟钱过不去，不会发。最怕小气，不懂经营人际关系。",
      "四、家中无财会往外找。跟着有钱人走，很少白手起家。会吸钱，较不会花钱，库带破或泄者则会花钱。",
      "五、子女较会孝顺。本身带有艺术细胞。",
      "六、神龙见首不见尾，透过人脉操作、投资，不用浮出台面。",
      "七、疾恶宫属权星，有地下司令之称。",
      "八、财来自：先天承接百分之五十；配偶百分之二十五；因时机而得财百分之二十五。",
    ],
  },
  "caiKuJia3": [
    "一、容易是：国家保护、栽培；企业家第二代；流行时机。凝聚力超强，没什么抗性，有带动组织功能，若只相信自己，组织做不起来。为保守派，适金融业、娱乐业、顾问业、佣金行业、高利润行业。",
    "二、赚钱无人知，有如吸尘器，由内部接收成长，很会吸钱。成长起来会回头挖墙角（内部经营）。",
    "三、周遭的人愿意卖命。贪钱较不会被捉到。易暴起暴落。若跟钱过不去，不会发。最怕小气，不懂经营人际关系。",
    "四、家中无财会往外找。跟着有钱人走，很少白手起家。会吸钱，较不会花钱，库带破或泄者则会花钱。",
    "五、子女较会孝顺。本身具有艺术才华。",
    "六、神龙见首不见尾，透过人脉操作、投资，不用浮出台面。",
    "七、财来自：先天承接百分之五十；配偶百分之二十五；因时机而得财百分之二十五。",
  ],
  "caiKuJia3Note": "运作磁波属差3的特殊格局——此磁波之福禄稍小，很容易受自己影响而失半，又负3者易修福给后代；自己是属下的贵人，自己小气则属空。先付出再得到；有此老板不错，老板会照顾你。",
  "caigongXie": [
    "一、很容易有泄财现象，属于花钱享受型，有钱就花，较不懂得节制。",
    "二、泄不代表不会赚钱，而是像水龙头锁不紧，会慢慢流失。",
    "三、不会守，有人帮忙花，到老容易一场空。有如无库位可守一般。",
    "四、容易受环境影响而泄财，交错朋友，投资错误，容易被套牢。",
    "五、被亲友挖财、泄财；或赚钱太慢，不够花。",
    "六、男人库泄配女人库旺最好，老公赚钱泄给老婆花。",
    "七、要忌赌，忌投机，不做没有把握的事，并且要懂得理财（保险、记账）。",
  ],
  "caigongXieNote": "命运是有先天的轨迹，只要知道他的模式与性向后，是可以透过后天训练来转变的（不随便给零花，从小让他实际体会赚钱的辛苦，还要训练他勤记账习惯与加保险概念）。",
  "careerDir": {
    "特质": "同样拥有杰出的思考能力，主观意识也强，但比个位数1稍微弱势一点，喜欢有条理地分析事情；男生看起来斯文温和，女生则是要求完美。",
    "职业": "头脑清晰又很有条理，适合当老板的助理或秘书，从事文书类工作。",
    "达人": "秘书达人",
  },
  "careerHealth": "五行中的木跟人的肝脏、眼睛有关，要小心别因为太过认真而天天盯着电脑，用眼过度，甚至累出肝病。",
  "day": 8,
  "di": 16,
  "diWx": "土",
  "energyFull": {
    "临官": "扩大发展，主动运。发展期，忙碌升官，扩张事业版图。动力十足，创业升官看基础。这一年适合积极进取、扩大影响力，但需注意打好基础再行动。",
    "养": "吸收期，根基成长，积累培养。防投机取巧。养得助力在人际，长生贵人生两地。这一阶段需要沉淀和蓄力，为后面的突破做准备。",
    "冠带": "发挥本质最大，主动运。成熟期，自我表现，成名上位，但有抗性。这是能量最强的主动运之一，适合展现个人魅力与能力，但需注意不要过于高调而招致反弹。",
    "帝旺": "巅峰期，能量最强也最乱。高亢天助，防贪防傲。这是能量周期的顶点，最强大的运程，但也是容易失控的时期。若是帝旺还负债，后运滚滚筑高台。",
    "死": "破灭期，终止停顿，不宜妄动。脆弱易碎，外地贵人，放下执念。看似最差的运程，但死也意味着旧的事物终结，为新开始腾出空间。",
    "病": "病变期，变化与乱，需谨慎。波折考验，冷静检查。这一年容易出现各种小问题和不顺利，需要格外谨慎。身体和事业都需要定期"体检"。",
    "绝": "谷底期，空窗空洞，等待时机。结束重生，新的开始。这是能量最低点，也是转机的前夜。不宜做任何重大决策，静待时来运转。",
    "胎": "酝酿期，谷底被动，新想法萌生。新的起点，一切刚刚开始。胎是谷底也是转机，一切变量九宫管。这个时候适合学习和积累，不要急于求成。",
    "衰": "倦怠期，回收守成，防变防换。守住退守，被动运。这一年不宜大动作，适合回收整理、稳固已有成果。守成为主，不可轻举妄动。",
    "长生": "成长期，突破期，被动运。贵人相助，人和行动。这是新一轮上升的开始，适合积极行动，把握人际关系带来的机会。",
  },
  "groups": [
    {
      "ages": "1-9岁",
      "count": 9,
      "name": "巅峰运",
    },
    {
      "ages": "10-18岁",
      "count": 9,
      "name": "靠山运",
    },
    {
      "ages": "19-27岁",
      "count": 9,
      "name": "打拼运",
    },
    {
      "ages": "28-36岁",
      "count": 9,
      "name": "小得运",
    },
    {
      "ages": "37-45岁",
      "count": 9,
      "name": "追击运",
    },
    {
      "ages": "46-54岁",
      "count": 9,
      "name": "专注运",
    },
    {
      "ages": "55-63岁",
      "count": 9,
      "name": "虚名运",
    },
    {
      "ages": "64-72岁",
      "count": 9,
      "name": "功名运",
    },
    {
      "ages": "73-81岁",
      "count": 9,
      "name": "组织运",
    },
    {
      "ages": "82-90岁",
      "count": 9,
      "name": "回收运",
    },
  ],
  "guaJiedu": "任何事都不要做",
  "guaKoujue": "秋瑟过后寒冬至 自投罗网难逃脱",
  "guaName": "套牢",
  "guaPositive": "资金或人事被套、动弹不得。",
  "guaReverse": "若你今年进退自如、未陷泥沼，那代表你见好就收、不贪不恋；若被套牢，须反省是否投入过深、不肯认错转身。",
  "guaShixu": false,
  "ju": 4,
  "juDesc": "志向远大，求功名",
  "juFull": "【口诀】志向大海一片天，将相王侯皆不限。欲知高峰在何处？只爱王权不羡仙。

今生前程发展的指标要抱定一个宗旨，那就是要有远大的志向，求功、求名为第一志愿。想要达到高峰则要有强烈的企图心才可；若是生平无大志、只想安逸过日子或强烈的投入宗教、修道，则难有大成之象。

志向越大越好。有宗教信仰，事业就起不来；信仰越虔诚，事业越糟糕。所以局差四的人要想事业成功，就要将信仰暂时放两边，只羡王权不羡仙。基本上局差四的人，常常会有宗教信仰。

例如赵传27划，信仰密宗，结果就影响了他的事业。事业与信仰的冲突，是局差四的人一生都无可奈何的选择。",
  "liunianDetail": {
    "副名": "酝酿运",
    "动能": "二动能被动暗中酝酿由不动慢慢转成会动动作缓慢的导引往新的方位前进",
    "发展现象": "五运势现象凡走到胎运是反射一个运势周期的开始将可慢慢摆脱前期的不顺或更往上爬但力量很弱因此决定任何事情不能操之过急是一个计画酝酿等待的运程也因为磁场内吸故容易得到贵人相助是被动式的运是否极来好运来之前的一个运",
    "心态": "四心态转变型的心态会产生新的欲望有追求新发展新希望的心态甚至于有幻想出现",
    "生命力": "三生命力一个生命周期的开始但很脆弱往往经不起打击故在这一段运中最怕受到环境的打击或刺激意志力较薄弱身体状况比较容易不好或有不顺或有流失尤其以岁以后的人走到这一段运体能不强很容易备病菌感染",
    "磁场": "一磁场弱由无到有万物由无到有的时候必有吸力产生自然而然外围的力量会被吸入在运势的解说上将可得到外围的助力",
    "运用法则": "六注意事项意志力薄弱要预防环境影响打击而放弃前进此段运做违法的事情很容易被逮到操作汤头歌诀安胎养气汤先求安心勿离母体少存幻想等待时机培养人际以思考为主",
  },
  "liunianState": "胎",
  "lowerCaution": "新方向为主，开辟新的目标、新方向业务、新目标发展，不宜扩大经营、提高售价。学会往外开拓，找别人弥补、找财气旺的人合作；借力使力，走新路。可换行业、上层出资让自己出力；招募新人、加强培训。",
  "lowerEnergy": "养",
  "lowerGua": "开拓养",
  "lowerNote": "千万不要扩大经营（对老板是压力、无力感、困顿无机会之象）。绝对不可以投资，尤其投机一泻千里、有去无回。卖房子不顺利，气弱，勉强买易买到不喜欢或高价；最好咬紧牙关撑过一年，等转年再卖。属下力量使不出来；想靠上级提拔机会不大，守在原地付出就好。",
  "lowerQi": "开拓",
  "lowerStrategy": "获授权大胆前进",
  "mainFunc": "主功能",
  "mainFuncAction": "思想功能主先天思考模式，主功能比副功能勤劳、动体力与人力；阳性反应主动积极、能力外显，阴性反应被动、待上层提携。",
  "mainFuncDesc": "主动性强、勤劳踏实、白手起家，适合操作流年",
  "mainFuncMethod": "与上层长辈磁场关系为主（35岁前先天个性）；主功能可白手起家、操作流年在于勤劳踏实，从商多于从政。",
  "mainNum": 6,
  "marriage": "破象",
  "marriageBreakKey": "土克木",
  "marriageDesc": "感情有波折",
  "marriageFull": {
    "七条": [
      "一、您的婚姻现象属于比较不稳定，波折变化较大的一种。",
      "二、一定要慎重选择一个适合的结婚对象，可选择有形影不离或最爱的磁场组合来搭配；万一两人命格组合不是很合适，加上又不懂得好好经营的话，自然很容易走上离婚的结局。",
      "三、属于瞬间接触、快速发展的感情关系；不适合八年抗战，应该速战速决；不然相处久了，一定会开始挑剔、自我破坏。",
      "四、若要让婚姻长久持续下去，要想尽办法保持感情的热度不减，这是婚姻过程中必须面对的重要课题。",
      "五、若相处已经感觉到索然无味，难以再燃起热情之火苗，这段感情将会很快结束，不太容易拖拉延续。",
      "六、夫妻双方的努力、用心经营，是决定婚姻感情的成功关键。",
    ],
    "建议": "速战速决、保持热度；慎重择偶，用心经营。",
    "总述": "感情磁场是属于波折比较大的。",
    "注意": "A. 速战速决（感情宜尽早稳定下来避免夜长梦多）。B. 情达高峰期（随时要有浪漫的惊喜）。C. 一层不变的生活（不宜公式化的感情生活）。",
    "缘灭": "莫名奇妙的冲突（挑剔与自我破坏）。",
    "缘起": "瞬间接触，进而恋情快速发展。",
    "要点": [
      "1. 如果事业成就愈高，则拥有小老婆或红粉知己机率比别人高。",
      "2. 婚后对异性的吸引力很强（婚后很有异性缘）。",
      "3. 谈恋爱且论及婚嫁时，若在六个月内尚无结论，易分。",
      "4. 离婚机率高。",
    ],
  },
  "marriageSub": undefined,
  "mgtDesc": "稳健培植型",
  "mgtFull": "管理指数高（75分），排名第五。后天的磨练累积才能激发出来，属培植型的管理细胞。经年累月的经验可以使其倍数成长，就像森林一样愈积愈多。最大的优点是一旦发挥出来就不易退化。稳健式的管理风格——最不会让属下有所抗性。喜欢太平时期的五行。名人：刘邦、马英九。",
  "mgtScore": 75,
  "mgtType": "林木型",
  "month": 10,
  "name": "张伟民",
  "outerCaution": "求财禄为主，在原来资源中创造利润，不宜扩充新领域、不宜投资（尤其不可加码投资）。绝对不能拿钱去赚钱，完全靠劳力、智慧、本事赚钱。自我入库可花钱置产（买房有实质收益不损失）；为防劫财可定存、买房。下层入库管账为主，把钱留住。",
  "outerEnergy": "胎",
  "outerGua": "入库胎",
  "outerNote": "唯一一个只有收没有攻的氛围，入库气主套住，投资易被套牢、钱财出去难回收。小心劫财，朋友借钱、借贷、炒股易亏本。下层入库是被环境劫财、泄财，别人得财你出财，被动一概不行。自我入库为为己花钱、钱财被劫。",
  "outerQi": "入库",
  "outerStrategy": "跟随既有资源",
  "ren": 22,
  "renWx": "木",
  "selfCaution": "求上层为主，往直属长辈、上游发展，找上层帮忙。天官赐福，把握一闪而过的机会，不排斥天助、不装清高。对属下要授权、自由发挥，借他人运提升自己。买房子不错，易买到喜欢的或得贵人指引而卖掉，有起死回生之力。",
  "selfEnergy": "帝旺",
  "selfGua": "享成帝旺",
  "selfNote": "机会一闪而过，失去必后悔，不会有第二次。不宜拒绝天助、往下层发展、装清高。负面为无心懒散、倦怠；福德之得需要平时人际关系经营。忌赌、投机，股票不宜短期进出。回报财为回收期，困难时可找曾帮助过你的人，他一定会帮你。",
  "selfQi": "享成",
  "selfStrategy": "感恩回报",
  "subSupport": {
    "要点": "延绵不断",
    "说明": "配合局3/4比较好；稳定地一步一步走，下面不容易出人才；散的下属容易变节；女孩子对老公会很好。",
  },
  "subSupportNum": 7,
  "thinkDesc": "",
  "thinkRel": "木平木",
  "tian": 12,
  "tianWx": "木",
  "total": 27,
  "unknownChars": [],
  "upperCaution": "求团结为主，避开争执，求量不求价，息事宁人，不要有对立、诉讼。与人纠纷易牵扯难化解，可运用业绩竞赛化解争端；对下属要激励比赛。能量好则突破竞争，能量不好则被夹杀。",
  "upperEnergy": "帝旺",
  "upperGua": "争夺帝旺",
  "upperNote": "求的是生存不是利润。最忌与人结怨、争抢生意。易招惹官司、纠纷，不可投资或走法律漏洞。文书契约特别留意，易搞上是非官司；买卖房子纠纷多，留意产权不清、或喜欢的房子被别人抢。运好伤害小，运不好伤害大、化解不易。会引起贪念，绝对不能投机。",
  "upperQi": "争夺",
  "upperStrategy": "需上层支持",
  "wai": 6,
  "wealthPalace": "库泄",
  "wealthPalaceDesc": "大方型，钱留不住",
  "wealthPath": "加3（机运暗财型）：受栽培，赚钱无人知",
  "wxActionFull": "",
  "wxThinkFull": "",
  "xiangStrategy": {
    "争夺": {
      "caution": "能力见真章，竞争激烈",
      "lower": "奖惩分明防挖角",
      "outer": "守好基本盘再扩张",
      "self": "能力被考验",
      "upper": "需上层支持",
    },
    "享成": {
      "caution": "最忌得意忘形",
      "lower": "大方分享凝聚人心",
      "outer": "巩固合作关系",
      "self": "犒赏自己",
      "upper": "感恩回报",
    },
    "付出": {
      "caution": "放弃则前功尽弃",
      "lower": "短期看不到回报",
      "outer": "多付出少计较",
      "self": "不要放弃",
      "upper": "付出不求回报",
    },
    "入库": {
      "caution": "守成为上，不宜冒进",
      "lower": "给下属安全感",
      "outer": "维护老客户",
      "self": "守住老本不宜开创",
      "upper": "跟随既有资源",
    },
    "升格": {
      "caution": "升格也招嫉妒，注意人际",
      "lower": "栽培人才",
      "outer": "适宜谈判签约",
      "self": "提升自身层级",
      "upper": "积极表现",
    },
    "名望": {
      "caution": "名望双刃剑，忌骄傲",
      "lower": "以身作则",
      "outer": "建立口碑",
      "self": "打造个人品牌",
      "upper": "展现专业",
    },
    "开拓": {
      "caution": "不可冲太快，稳中求进",
      "lower": "激团队士气",
      "outer": "拓展新合作",
      "self": "开拓新领域",
      "upper": "获授权大胆前进",
    },
    "晦暗": {
      "caution": "容易被误导，高调必有是非",
      "lower": "多关心少强求",
      "outer": "不熟领域别碰",
      "self": "反思学习",
      "upper": "不宜主动请缨",
    },
    "转变": {
      "caution": "前五年经营决定转好转坏，不可独闯",
      "lower": "引导下属适应变化",
      "outer": "合作关键转折点",
      "self": "抛弃旧包袱扭转乾坤",
      "upper": "跟上沟通转型方向",
    },
  },
  "xingyunCaution": "",
  "xingyunFull": "靠自己奋斗、表现能力踏实经营发展，故有能力星之称，因得不到母体资助故又称孤星。容易为伴侣与家庭全心付出。靠实力、劳心劳力，正财，着重技术面。",
  "xingyunMeaning": "",
  "xingyunName": "能力星",
  "xingyunPoints": [
    "1靠自己奋斗、表现能力踏实经营发展的星座，故有「能力星」之称，因得不到母体资助，故又称之为〈孤星〉",
    "2女命容易为夫奉献一生，生命力强，和亲人关系比较不好，但若回头经营却是大好。",
    "3靠实力、劳心劳力，正财，着重技术面",
  ],
  "xingyunTips": "",
  "xingyunTrait": "",
  "xuAge": 34,
  "year": 1992,
  "years": [
    {
      "age": 1,
      "chance": "开拓",
      "gua": "失蹄",
      "jiedu": "不该投资",
      "koujue": "今日风采不如昔 四战三败马失蹄",
      "year": 1992,
      "yun": "病",
    },
    {
      "age": 2,
      "chance": "转变",
      "gua": "转世",
      "jiedu": "关键卦，看似无路却能救",
      "koujue": "山穷水尽疑无路 柳暗花明又一村",
      "year": 1993,
      "yun": "死",
    },
    {
      "age": 3,
      "chance": "晦暗",
      "gua": "乌云",
      "jiedu": "90年最不好的一年",
      "koujue": "陷进泥沼无支撑 又逢满天乌云层",
      "year": 1994,
      "yun": "绝",
    },
    {
      "age": 4,
      "chance": "享成",
      "gua": "回报",
      "jiedu": "只能被动等不能急",
      "koujue": "前种福田好乐施 感恩回报在此时",
      "year": 1995,
      "yun": "胎",
    },
    {
      "age": 5,
      "chance": "争夺",
      "gua": "额外",
      "jiedu": "不要多得",
      "koujue": "纷纷争争外相亲 多得一份苦煞心",
      "year": 1996,
      "yun": "养",
    },
    {
      "age": 6,
      "chance": "付出",
      "gua": "突围",
      "jiedu": "事业会结束",
      "koujue": "四面楚歌十面伏 突出重围江东哭",
      "year": 1997,
      "yun": "长生",
    },
    {
      "age": 7,
      "chance": "名望",
      "gua": "名望",
      "jiedu": "靠知名度，出名七分留三分",
      "koujue": "威震九洲是二爷 光芒四射怕引蝶",
      "year": 1998,
      "yun": "冠带",
    },
    {
      "age": 8,
      "chance": "入库",
      "gua": "昙花",
      "jiedu": "昙花一现要低调",
      "koujue": "拨得云开见月圆 就怕好景昙花现",
      "year": 1999,
      "yun": "临官",
    },
    {
      "age": 9,
      "chance": "升格",
      "gua": "强敌",
      "jiedu": "上去很难还有人拖后腿",
      "koujue": "更上层楼已艰辛 奈何又现程咬金",
      "year": 2000,
      "yun": "帝旺",
    },
    {
      "age": 10,
      "chance": "开拓",
      "gua": "退隐",
      "jiedu": "要退后放下修身养性",
      "koujue": "缓缓衰退名难再 不如修道或吃斋",
      "year": 2001,
      "yun": "衰",
    },
    {
      "age": 11,
      "chance": "转变",
      "gua": "不定",
      "jiedu": "很不稳定的运",
      "koujue": "多云阵阵不定天 早败年底晚三年",
      "year": 2002,
      "yun": "病",
    },
    {
      "age": 12,
      "chance": "晦暗",
      "gua": "暗渡",
      "jiedu": "不能明着做事要低调",
      "koujue": "暗渡陈仓免遭殃 恶名昭彰在本乡",
      "year": 2003,
      "yun": "死",
    },
    {
      "age": 13,
      "chance": "享成",
      "gua": "贵人",
      "jiedu": "关键卦，有贵人",
      "koujue": "我本无心再期待 怎知贵人要安排",
      "year": 2004,
      "yun": "绝",
    },
    {
      "age": 14,
      "chance": "争夺",
      "gua": "流产",
      "jiedu": "不要去抢，一半就掉",
      "koujue": "烦烦杂杂事生机 要抢必有胎落地",
      "year": 2005,
      "yun": "胎",
    },
    {
      "age": 15,
      "chance": "付出",
      "gua": "空欢",
      "jiedu": "被动接来空欢喜",
      "koujue": "处处天象皆是虚 接得召来空欢喜",
      "year": 2006,
      "yun": "养",
    },
    {
      "age": 16,
      "chance": "名望",
      "gua": "小得",
      "jiedu": "适合局3，捡小利",
      "koujue": "天上星星仙女华 捡到小利得小发",
      "year": 2007,
      "yun": "长生",
    },
    {
      "age": 17,
      "chance": "入库",
      "gua": "抑制",
      "jiedu": "要压抑处理好上层",
      "koujue": "下了金牌压岳飞 冲天之志要收回",
      "year": 2008,
      "yun": "冠带",
    },
    {
      "age": 18,
      "chance": "升格",
      "gua": "兼差",
      "jiedu": "可兼差不要去转",
      "koujue": "机会出现有两三 宁可双兼不要转",
      "year": 2009,
      "yun": "临官",
    },
    {
      "age": 19,
      "chance": "开拓",
      "gua": "无果",
      "jiedu": "不要白手起家守成",
      "koujue": "一片荒凉无边际 种得花果古来稀",
      "year": 2010,
      "yun": "帝旺",
    },
    {
      "age": 20,
      "chance": "转变",
      "gua": "外乡",
      "jiedu": "停顿时往外发展",
      "koujue": "此运不佳会倦怠 往外发展两冬期",
      "year": 2011,
      "yun": "衰",
    },
    {
      "age": 21,
      "chance": "晦暗",
      "gua": "多病",
      "jiedu": "相当不好很难渡过",
      "koujue": "体弱多病真无奈 雪上加霜真无奈",
      "year": 2012,
      "yun": "病",
    },
    {
      "age": 22,
      "chance": "享成",
      "gua": "机运",
      "jiedu": "关键卦，人际好有机会",
      "koujue": "机运贵人南与西 尊上亲下做几许",
      "year": 2013,
      "yun": "死",
    },
    {
      "age": 23,
      "chance": "争夺",
      "gua": "忠诚",
      "jiedu": "要光荣的死可结束",
      "koujue": "人生自古谁无死 留取丹心照汗青",
      "year": 2014,
      "yun": "绝",
    },
    {
      "age": 24,
      "chance": "付出",
      "gua": "小利",
      "jiedu": "有人造就可得小利",
      "koujue": "活气出现暗显机 少接无伤造有力",
      "year": 2015,
      "yun": "胎",
    },
    {
      "age": 25,
      "chance": "名望",
      "gua": "两仪",
      "jiedu": "九年一半好一半不好",
      "koujue": "阴阳两仪交互替 年初不顺年冬吉",
      "year": 2016,
      "yun": "养",
    },
    {
      "age": 26,
      "chance": "入库",
      "gua": "正财",
      "jiedu": "慢慢赚在里面赚",
      "koujue": "暗暗吸收缓缓落 阁内成长赚得多",
      "year": 2017,
      "yun": "长生",
    },
    {
      "age": 27,
      "chance": "升格",
      "gua": "升官",
      "jiedu": "帮到别人得到提升",
      "koujue": "盗得玉玺助帝王 获得兵权又加冠",
      "year": 2018,
      "yun": "冠带",
    },
    {
      "age": 28,
      "chance": "开拓",
      "gua": "追击",
      "jiedu": "要追上去主动去追",
      "koujue": "春雨绵绵偶晴天 乘胜追击在当前",
      "year": 2019,
      "yun": "临官",
    },
    {
      "age": 29,
      "chance": "转变",
      "gua": "实虚",
      "jiedu": "前实后虚",
      "koujue": "高峰转变有时机 前段当实后段虚",
      "year": 2020,
      "yun": "帝旺",
    },
    {
      "age": 30,
      "chance": "晦暗",
      "gua": "衰退",
      "jiedu": "越到年底越要注意",
      "koujue": "有人说我是鳌拜 气数将近年底来",
      "year": 2021,
      "yun": "衰",
    },
    {
      "age": 31,
      "chance": "享成",
      "gua": "变节",
      "jiedu": "拿不到更多可能变节",
      "koujue": "锦上添花难封侯 变节之心已难收",
      "year": 2022,
      "yun": "病",
    },
    {
      "age": 32,
      "chance": "争夺",
      "gua": "无依",
      "jiedu": "被动低调",
      "koujue": "曾经风云功与过 今恐贬官又枷锁",
      "year": 2023,
      "yun": "死",
    },
    {
      "age": 33,
      "chance": "付出",
      "gua": "静观",
      "jiedu": "安静观望不闯新",
      "koujue": "不急不忙静观望 守住旧业胜新关",
      "year": 2024,
      "yun": "绝",
    },
    {
      "age": 34,
      "chance": "名望",
      "gua": "空相",
      "jiedu": "太极运，乱抢乱得一场空",
      "koujue": "一场好景似源头 竹篮打水一场空",
      "year": 2025,
      "yun": "胎",
    },
    {
      "age": 35,
      "chance": "入库",
      "gua": "守成",
      "jiedu": "守成",
      "koujue": "问说诸事如何办 只言守成可平安",
      "year": 2026,
      "yun": "养",
    },
    {
      "age": 36,
      "chance": "升格",
      "gua": "无尾",
      "jiedu": "做什么都没有结果",
      "koujue": "呱呱落地袍与冠 定是溥仪或刘禅",
      "year": 2027,
      "yun": "长生",
    },
    {
      "age": 37,
      "chance": "开拓",
      "gua": "破财",
      "jiedu": "换就没机会",
      "koujue": "看似一片好地带 左挖右垦总破财",
      "year": 2028,
      "yun": "冠带",
    },
    {
      "age": 38,
      "chance": "转变",
      "gua": "翻身",
      "jiedu": "关键卦，可被动换工作",
      "koujue": "鲤鱼龙门新身换 除旧布新得满贯",
      "year": 2029,
      "yun": "临官",
    },
    {
      "age": 39,
      "chance": "晦暗",
      "gua": "遭忌",
      "jiedu": "强出头势必遭忌",
      "koujue": "运上大道气落地 亢龙有悔遭人忌",
      "year": 2030,
      "yun": "帝旺",
    },
    {
      "age": 40,
      "chance": "享成",
      "gua": "短发",
      "jiedu": "换了三年也无结果",
      "koujue": "老怕空名利不来 中年达官无三载",
      "year": 2031,
      "yun": "衰",
    },
    {
      "age": 41,
      "chance": "争夺",
      "gua": "赔本",
      "jiedu": "主动投资必输",
      "koujue": "安排设计来招亲 赔了夫人又折兵",
      "year": 2032,
      "yun": "病",
    },
    {
      "age": 42,
      "chance": "付出",
      "gua": "放弃",
      "jiedu": "不要放弃，主动都输",
      "koujue": "放弃一切觅新路 怎知此步会大输",
      "year": 2033,
      "yun": "死",
    },
    {
      "age": 43,
      "chance": "名望",
      "gua": "虚名",
      "jiedu": "九年就是虚名",
      "koujue": "有人送终有人拱 徒有虚名一场空",
      "year": 2034,
      "yun": "绝",
    },
    {
      "age": 44,
      "chance": "入库",
      "gua": "套牢",
      "jiedu": "任何事都不要做",
      "koujue": "秋瑟过后寒冬至 自投罗网难逃脱",
      "year": 2035,
      "yun": "胎",
    },
    {
      "age": 45,
      "chance": "升格",
      "gua": "贪心",
      "jiedu": "现象是假的",
      "koujue": "气压下降非真迹 贪心不足撑破皮",
      "year": 2036,
      "yun": "养",
    },
    {
      "age": 46,
      "chance": "开拓",
      "gua": "奋斗",
      "jiedu": "能得名难得财",
      "koujue": "闻鸡起舞见祖荻 图强有成靠自己",
      "year": 2037,
      "yun": "长生",
    },
    {
      "age": 47,
      "chance": "转变",
      "gua": "追损",
      "jiedu": "还是虚名一年白忙",
      "koujue": "日正当中我当红 夸父追日饮长空",
      "year": 2038,
      "yun": "冠带",
    },
    {
      "age": 48,
      "chance": "晦暗",
      "gua": "盗取",
      "jiedu": "心里有邪念没结果",
      "koujue": "寒夜深深行急急 若非盗取亦投机",
      "year": 2039,
      "yun": "临官",
    },
    {
      "age": 49,
      "chance": "享成",
      "gua": "奇迹",
      "jiedu": "关键卦，求名不求利",
      "koujue": "不管机会排第几 此去前程有奇迹",
      "year": 2040,
      "yun": "帝旺",
    },
    {
      "age": 50,
      "chance": "争夺",
      "gua": "能力",
      "jiedu": "能看出一个人的能力",
      "koujue": "机会是好也是坏 看我贤能或庸才",
      "year": 2041,
      "yun": "衰",
    },
    {
      "age": 51,
      "chance": "付出",
      "gua": "断足",
      "jiedu": "朋友找你合作不要",
      "koujue": "交错朋友失双足 借问足下可帮谁",
      "year": 2042,
      "yun": "病",
    },
    {
      "age": 52,
      "chance": "名望",
      "gua": "功名",
      "jiedu": "奇迹短暂求名不求利",
      "koujue": "日月同光有奇迹 但求功名不求利",
      "year": 2043,
      "yun": "死",
    },
    {
      "age": 53,
      "chance": "入库",
      "gua": "包袱",
      "jiedu": "所有不同都是引狼入室",
      "koujue": "引狼入室变包袱 沉迷最爱必大输",
      "year": 2044,
      "yun": "绝",
    },
    {
      "age": 54,
      "chance": "升格",
      "gua": "承接",
      "jiedu": "旧货可接新货不行",
      "koujue": "承接一切看前例 若是二胎必大吉",
      "year": 2045,
      "yun": "胎",
    },
    {
      "age": 55,
      "chance": "开拓",
      "gua": "惊险",
      "jiedu": "不好的运慢慢来",
      "koujue": "苦果徐徐布满天 渡得有惊却无险",
      "year": 2046,
      "yun": "养",
    },
    {
      "age": 56,
      "chance": "转变",
      "gua": "苦成",
      "jiedu": "前面辛苦后面成长",
      "koujue": "辛苦成长各参半 更上层楼在后段",
      "year": 2047,
      "yun": "长生",
    },
    {
      "age": 57,
      "chance": "晦暗",
      "gua": "过气",
      "jiedu": "机会没了，属下易走光",
      "koujue": "黑夜魑魅飘忽忽 一将功成万骨枯",
      "year": 2048,
      "yun": "冠带",
    },
    {
      "age": 58,
      "chance": "享成",
      "gua": "祖德",
      "jiedu": "考验人际关系",
      "koujue": "二品官爵诸君要 祖上有德贵人罩",
      "year": 2049,
      "yun": "临官",
    },
    {
      "age": 59,
      "chance": "争夺",
      "gua": "接替",
      "jiedu": "关键卦，后面十年大运",
      "koujue": "加官进爵是天意 死了君王我接替",
      "year": 2050,
      "yun": "帝旺",
    },
    {
      "age": 60,
      "chance": "付出",
      "gua": "回收",
      "jiedu": "前面好最后可得利",
      "koujue": "此段回收财官利 持续努力会升级",
      "year": 2051,
      "yun": "衰",
    },
    {
      "age": 61,
      "chance": "名望",
      "gua": "良臣",
      "jiedu": "找到好人才不能独闯",
      "koujue": "众星拱月可上任 左右护法得良臣",
      "year": 2052,
      "yun": "病",
    },
    {
      "age": 62,
      "chance": "入库",
      "gua": "断头",
      "jiedu": "强行出头一定有事",
      "koujue": "坚守资源在本洲 强行出击必断头",
      "year": 2053,
      "yun": "死",
    },
    {
      "age": 63,
      "chance": "升格",
      "gua": "困滩",
      "jiedu": "依靠组织不独立",
      "koujue": "龙困乾涸难伸展 养精蓄锐勿上滩",
      "year": 2054,
      "yun": "绝",
    },
    {
      "age": 64,
      "chance": "开拓",
      "gua": "作梦",
      "jiedu": "好像是机会但假象",
      "koujue": "曙光一现乍见天 就恐造成南柯梦",
      "year": 2055,
      "yun": "胎",
    },
    {
      "age": 65,
      "chance": "转变",
      "gua": "转机",
      "jiedu": "关键卦，8月后马上转",
      "koujue": "天窗一开新鲜气 仲夏过后大转机",
      "year": 2056,
      "yun": "养",
    },
    {
      "age": 66,
      "chance": "晦暗",
      "gua": "是非",
      "jiedu": "不能做暗事高调有是非",
      "koujue": "暗夜偷生异地喜 奈何回乡满城雨",
      "year": 2057,
      "yun": "长生",
    },
    {
      "age": 67,
      "chance": "享成",
      "gua": "不诚",
      "jiedu": "不诚心就没有格局",
      "koujue": "神仙护佑诚心客 枉然独闯难有格",
      "year": 2058,
      "yun": "冠带",
    },
    {
      "age": 68,
      "chance": "争夺",
      "gua": "苦渡",
      "jiedu": "辛苦但能过",
      "koujue": "前有恶煞后有虎 此关渡得真辛苦",
      "year": 2059,
      "yun": "临官",
    },
    {
      "age": 69,
      "chance": "付出",
      "gua": "根基",
      "jiedu": "看前面的基础",
      "koujue": "想再多闯新天地 一切成败看根基",
      "year": 2060,
      "yun": "帝旺",
    },
    {
      "age": 70,
      "chance": "名望",
      "gua": "因果",
      "jiedu": "前五年经营体现",
      "koujue": "机运当强论成败 努力回顾前五载",
      "year": 2061,
      "yun": "衰",
    },
    {
      "age": 71,
      "chance": "入库",
      "gua": "经营",
      "jiedu": "赚七分新亏三分旧",
      "koujue": "七分利来三分债 坚守经营可旺财",
      "year": 2062,
      "yun": "病",
    },
    {
      "age": 72,
      "chance": "升格",
      "gua": "层级",
      "jiedu": "关键卦，看你的层级",
      "koujue": "龙有龙形虎有步 老鼠最盛在暗处",
      "year": 2063,
      "yun": "死",
    },
    {
      "age": 73,
      "chance": "开拓",
      "gua": "未开",
      "jiedu": "按兵不动生门未开",
      "koujue": "今想还阳又何奈 只是生门打不开",
      "year": 2064,
      "yun": "绝",
    },
    {
      "age": 74,
      "chance": "转变",
      "gua": "乾坤",
      "jiedu": "天地运要有正气",
      "koujue": "抛去以往旧包袱 扭转乾坤从头来",
      "year": 2065,
      "yun": "胎",
    },
    {
      "age": 75,
      "chance": "晦暗",
      "gua": "投机",
      "jiedu": "不要投机",
      "koujue": "黑暗煞神从天降 投得短机亏双空",
      "year": 2066,
      "yun": "养",
    },
    {
      "age": 76,
      "chance": "享成",
      "gua": "再生",
      "jiedu": "天来帮助",
      "koujue": "天显神机来相助 求得重生现江湖",
      "year": 2067,
      "yun": "长生",
    },
    {
      "age": 77,
      "chance": "争夺",
      "gua": "忙碌",
      "jiedu": "打好基础不可独闯",
      "koujue": "帅喜印来将要旗 一夫当关万人敌",
      "year": 2068,
      "yun": "冠带",
    },
    {
      "age": 78,
      "chance": "付出",
      "gua": "奔驰",
      "jiedu": "不能休息要跑起来",
      "koujue": "赤兔神驹风和配 日奔千里不觉累",
      "year": 2069,
      "yun": "临官",
    },
    {
      "age": 79,
      "chance": "名望",
      "gua": "登峰",
      "jiedu": "最好的运，看你成就水平",
      "koujue": "登峰谦卑可造极 求名得名利得利",
      "year": 2070,
      "yun": "帝旺",
    },
    {
      "age": 80,
      "chance": "入库",
      "gua": "忌贪",
      "jiedu": "不可贪心",
      "koujue": "有气无力节节退 贪得无厌必自毁",
      "year": 2071,
      "yun": "衰",
    },
    {
      "age": 81,
      "chance": "升格",
      "gua": "图利",
      "jiedu": "可激流勇退变现",
      "koujue": "原封不动难相处 转变必有利可图",
      "year": 2072,
      "yun": "病",
    },
    {
      "age": 82,
      "chance": "开拓",
      "gua": "野心",
      "jiedu": "关键卦，横向跨界要慢",
      "koujue": "鹊巢易主鸠来占 野心勃勃速难成",
      "year": 2073,
      "yun": "死",
    },
    {
      "age": 83,
      "chance": "转变",
      "gua": "过时",
      "jiedu": "没机会了可转移",
      "koujue": "飞龙在天已过时 再闯天关必有失",
      "year": 2074,
      "yun": "绝",
    },
    {
      "age": 84,
      "chance": "晦暗",
      "gua": "求藏",
      "jiedu": "主动退下来低调",
      "koujue": "昏天暗地事难解 求藏容易求脱难",
      "year": 2075,
      "yun": "胎",
    },
    {
      "age": 85,
      "chance": "享成",
      "gua": "赐福",
      "jiedu": "可赐福不可解难",
      "koujue": "天官赐福在年初 喜事可遇祸不求",
      "year": 2076,
      "yun": "养",
    },
    {
      "age": 86,
      "chance": "争夺",
      "gua": "假象",
      "jiedu": "所有现象都是假的",
      "koujue": "内有困像外有机 恐是一片假象起",
      "year": 2077,
      "yun": "长生",
    },
    {
      "age": 87,
      "chance": "付出",
      "gua": "断后",
      "jiedu": "不可投资",
      "koujue": "世外桃源似奇迹 忙得前段无后期",
      "year": 2078,
      "yun": "冠带",
    },
    {
      "age": 88,
      "chance": "名望",
      "gua": "名声",
      "jiedu": "找大靠山大你72倍",
      "koujue": "机到同时运当前 二郎神边哮天犬",
      "year": 2079,
      "yun": "临官",
    },
    {
      "age": 89,
      "chance": "入库",
      "gua": "努力",
      "jiedu": "经商好从政得支持",
      "koujue": "金银财宝在地底 努力挖掘莫猜疑",
      "year": 2080,
      "yun": "帝旺",
    },
    {
      "age": 90,
      "chance": "升格",
      "gua": "栽培",
      "jiedu": "主动要求更上层",
      "koujue": "升官机会前等待 求得贵人把我栽",
      "year": 2081,
      "yun": "衰",
    },
  ],
  "zhi": 7,
  "zhiCaution": "切忌孤芳自赏、难容于人；若回头经营人际关系，反而大好。",
  "zhiDesc": "开发型，独立刚毅，开拓力强",
  "zhiElement": "阳金",
  "zhiFull": "开发型，独立刚毅，开拓力强",
  "zhiMeaning": "这一辈子的前程，属于『独立开拓』型——你不靠母体资助，凭自身实力、技术开发闯荡，开拓力强；但最难合作共处，宜用在开拓新市场、新技术上。",
  "zhiName": "孤星",
  "zhiTips": [
    17,
    28,
    39,
    50,
    61,
    72,
    83,
    94,
  ],
  "zong": 27,
}
`;

exports[`jiugong v6 server engine > matches every legacy field for 'two-character name' 1`] = `
{
  "actionDesc": "",
  "actionRel": "水克土",
  "ageStar": "五鬼星(贪婪星)",
  "ageStarDesc": "是非小人，多变",
  "ageStarFull": "五鬼星（贪婪星）：掌管多变、杂乱不定，而含有是非、小人。凡岁数踫到五鬼星则很容易被是非缠住，也会被变动的磁场感应而使人不稳定。贪婪星最容易影响人之贪念及投机的欲望，故于此年很容易对五鬼行业产生兴趣，宜小心。忌贪忌投机，防是非。",
  "arrowDown": "奴仆宫（地格/子女宫）箭头向着你：你是一个很容易受朋友支持照顾的人，很有群众魅力——企业家、当领导的最需要这种命格，没有他人的帮忙，事业是做不大的。",
  "arrowSummary": "箭头越向着自己，就越能够得到那方面的帮助与机会：两个箭头都向着自己（如李嘉诚——老天爷帮他、属下支持他），格局最佳；一个向内也行；两个箭头都冲着外面别人的话，就比较辛苦了。",
  "arrowUp": "父母宫（天格）箭头向着你：父母、配偶、领导会自然地对你好，很容易受到长辈的照顾、领导的赏识。",
  "caiKuFull": {
    "描述": "受栽培、赚钱无人知，有如吸尘器由内部接收成长；靠机会、人际、组织运作，易暴起暴落。",
    "类型": "机运暗财型",
    "详解": [
      "一、容易是：受保护、栽培或企业家第二代；流行时机。凝聚力超强，没什么抗性，有带动组织功能，若只相信自己，组织做不起来。为保守派，适金融业、娱乐业、顾问业、佣金行业、高利润行业。",
      "二、赚钱无人知，有如吸尘器，由内部接收成长，很会吸钱。成长起来会回头挖墙角（内部经营）。",
      "三、周遭的人愿意卖命。污钱较不会被捉到。易暴起暴落。若跟钱过不去，不会发。最怕小气，不懂经营人际关系。",
      "四、家中无财会往外找。跟着有钱人走，很少白手起家。会吸钱，较不会花钱，库带破或泄者则会花钱。",
      "五、子女较会孝顺。本身带有艺术细胞。",
      "六、神龙见首不见尾，透过人脉操作、投资，不用浮出台面。",
      "七、疾恶宫属权星，有地下司令之称。",
      "八、财来自：先天承接百分之五十；配偶百分之二十五；因时机而得财百分之二十五。",
    ],
  },
  "caiKuJia3": [
    "一、容易是：国家保护、栽培；企业家第二代；流行时机。凝聚力超强，没什么抗性，有带动组织功能，若只相信自己，组织做不起来。为保守派，适金融业、娱乐业、顾问业、佣金行业、高利润行业。",
    "二、赚钱无人知，有如吸尘器，由内部接收成长，很会吸钱。成长起来会回头挖墙角（内部经营）。",
    "三、周遭的人愿意卖命。贪钱较不会被捉到。易暴起暴落。若跟钱过不去，不会发。最怕小气，不懂经营人际关系。",
    "四、家中无财会往外找。跟着有钱人走，很少白手起家。会吸钱，较不会花钱，库带破或泄者则会花钱。",
    "五、子女较会孝顺。本身具有艺术才华。",
    "六、神龙见首不见尾，透过人脉操作、投资，不用浮出台面。",
    "七、财来自：先天承接百分之五十；配偶百分之二十五；因时机而得财百分之二十五。",
  ],
  "caiKuJia3Note": "运作磁波属差3的特殊格局——此磁波之福禄稍小，很容易受自己影响而失半，又负3者易修福给后代；自己是属下的贵人，自己小气则属空。先付出再得到；有此老板不错，老板会照顾你。",
  "caigongXie": [
    "一、很容易有泄财现象，属于花钱享受型，有钱就花，较不懂得节制。",
    "二、泄不代表不会赚钱，而是像水龙头锁不紧，会慢慢流失。",
    "三、不会守，有人帮忙花，到老容易一场空。有如无库位可守一般。",
    "四、容易受环境影响而泄财，交错朋友，投资错误，容易被套牢。",
    "五、被亲友挖财、泄财；或赚钱太慢，不够花。",
    "六、男人库泄配女人库旺最好，老公赚钱泄给老婆花。",
    "七、要忌赌，忌投机，不做没有把握的事，并且要懂得理财（保险、记账）。",
  ],
  "caigongXieNote": "命运是有先天的轨迹，只要知道他的模式与性向后，是可以透过后天训练来转变的（不随便给零花，从小让他实际体会赚钱的辛苦，还要训练他勤记账习惯与加保险概念）。",
  "careerDir": {
    "特质": "性情稳定、温和而执着，重视公平与原则，比较保守、踏实，做起事来按部就班，喜欢规划好再做事，对自己的想法行为不多做解释——男生容易变成忧郁小生，女生则是温柔但死心眼。",
    "职业": "人格属土的人外缘很好、对外地环境的适应能力强，只要到外地发展便很容易有贵人相助、容易成功；适合的行业很多，像需要规划能力的企划、顾问、运动员、公务员等，也很适合从事与交通有关的行业；另外若继承家业也会做得很好。",
    "达人": "企划达人",
  },
  "careerHealth": "五行中的土和人的胃、脾、筋骨有关系，要好好保养这几个部位，小心脾胃及腰酸背痛的毛病。",
  "day": 12,
  "di": 9,
  "diWx": "水",
  "energyFull": {
    "临官": "扩大发展，主动运。发展期，忙碌升官，扩张事业版图。动力十足，创业升官看基础。这一年适合积极进取、扩大影响力，但需注意打好基础再行动。",
    "养": "吸收期，根基成长，积累培养。防投机取巧。养得助力在人际，长生贵人生两地。这一阶段需要沉淀和蓄力，为后面的突破做准备。",
    "冠带": "发挥本质最大，主动运。成熟期，自我表现，成名上位，但有抗性。这是能量最强的主动运之一，适合展现个人魅力与能力，但需注意不要过于高调而招致反弹。",
    "帝旺": "巅峰期，能量最强也最乱。高亢天助，防贪防傲。这是能量周期的顶点，最强大的运程，但也是容易失控的时期。若是帝旺还负债，后运滚滚筑高台。",
    "死": "破灭期，终止停顿，不宜妄动。脆弱易碎，外地贵人，放下执念。看似最差的运程，但死也意味着旧的事物终结，为新开始腾出空间。",
    "病": "病变期，变化与乱，需谨慎。波折考验，冷静检查。这一年容易出现各种小问题和不顺利，需要格外谨慎。身体和事业都需要定期"体检"。",
    "绝": "谷底期，空窗空洞，等待时机。结束重生，新的开始。这是能量最低点，也是转机的前夜。不宜做任何重大决策，静待时来运转。",
    "胎": "酝酿期，谷底被动，新想法萌生。新的起点，一切刚刚开始。胎是谷底也是转机，一切变量九宫管。这个时候适合学习和积累，不要急于求成。",
    "衰": "倦怠期，回收守成，防变防换。守住退守，被动运。这一年不宜大动作，适合回收整理、稳固已有成果。守成为主，不可轻举妄动。",
    "长生": "成长期，突破期，被动运。贵人相助，人和行动。这是新一轮上升的开始，适合积极行动，把握人际关系带来的机会。",
  },
  "groups": [
    {
      "ages": "1-9岁",
      "count": 9,
      "name": "巅峰运",
    },
    {
      "ages": "10-18岁",
      "count": 9,
      "name": "靠山运",
    },
    {
      "ages": "19-27岁",
      "count": 9,
      "name": "打拼运",
    },
    {
      "ages": "28-36岁",
      "count": 9,
      "name": "小得运",
    },
    {
      "ages": "37-45岁",
      "count": 9,
      "name": "追击运",
    },
    {
      "ages": "46-54岁",
      "count": 9,
      "name": "专注运",
    },
    {
      "ages": "55-63岁",
      "count": 9,
      "name": "虚名运",
    },
    {
      "ages": "64-72岁",
      "count": 9,
      "name": "功名运",
    },
    {
      "ages": "73-81岁",
      "count": 9,
      "name": "组织运",
    },
    {
      "ages": "82-90岁",
      "count": 9,
      "name": "回收运",
    },
  ],
  "guaJiedu": "很不稳定的运",
  "guaKoujue": "多云阵阵不定天 早败年底晚三年",
  "guaName": "不定",
  "guaPositive": "心性不定、摇摆浮沉。",
  "guaReverse": "若你今年心定如一、不为外动，那代表你已破不定之象；若朝三暮四、随波逐流，须深刻反省定力之缺。",
  "guaShixu": false,
  "ju": 4,
  "juDesc": "志向远大，求功名",
  "juFull": "【口诀】志向大海一片天，将相王侯皆不限。欲知高峰在何处？只爱王权不羡仙。

今生前程发展的指标要抱定一个宗旨，那就是要有远大的志向，求功、求名为第一志愿。想要达到高峰则要有强烈的企图心才可；若是生平无大志、只想安逸过日子或强烈的投入宗教、修道，则难有大成之象。

志向越大越好。有宗教信仰，事业就起不来；信仰越虔诚，事业越糟糕。所以局差四的人要想事业成功，就要将信仰暂时放两边，只羡王权不羡仙。基本上局差四的人，常常会有宗教信仰。

例如赵传27划，信仰密宗，结果就影响了他的事业。事业与信仰的冲突，是局差四的人一生都无可奈何的选择。",
  "liunianDetail": {
    "副名": "病变运",
    "动能": "二动能进入病变期动作力起伏不定积极消极疲惫无力变动冲动同时都在这一年出现",
    "发展现象": "五运势现象弱运的第二年波折运起伏不稳定前面的耕耘最容易在这一段运因为不小心而损失乱相的运故不适合乱投资也不宜扩充事业只能守住原有的事业等待回收病都是回收形的守成运冲动运变节运不要做重大的抉择感情尤其要小心预防婚姻波折工作运比较不顺很容易排斥变动错误事业有波折时会在这一段运恶化怕受环境连累身体也很容易病变或发生意外尤其中年以后身体弱的人有并找医生也不容易治好甚至于会被误诊财运不顺虽有回收但恐守不住比较容易得到关心关怀与支持在运势的发展上有如人在生病的时候一般会得到很多人的关心与精神支持容易得到回收与暗财这是延续衰运的回收此段暗财可比衰运",
    "心态": "四心态杂乱形的心态这一段运最会急躁投机性逃避性埋怨不满变节",
    "生命力": "三生命力脆弱不稳定意志容易消沉好比人在生病时期的现象很容易恶化经不起打击有时候会崩溃中年人在这一段运要小心保养否则身体很容易不好若有旧病小心复发并且预防被误诊",
    "磁场": "一磁场弱又不稳定乱流之相有时候放射有时候吸收有时候会遭外力的撞击都是短暂形的磁场很容易造成错误的一段磁场",
    "运用法则": "六注意事项一年多变一切以守成为吉看一个人的定力操作汤头歌诀安神定心汤安定心思不惶恐不怨恨不急躁不变节不投机三思而行",
  },
  "liunianState": "病",
  "lowerCaution": "求财禄为主，在原来资源中创造利润，不宜扩充新领域、不宜投资（尤其不可加码投资）。绝对不能拿钱去赚钱，完全靠劳力、智慧、本事赚钱。自我入库可花钱置产（买房有实质收益不损失）；为防劫财可定存、买房。下层入库管账为主，把钱留住。",
  "lowerEnergy": "冠带",
  "lowerGua": "入库冠带",
  "lowerNote": "唯一一个只有收没有攻的氛围，入库气主套住，投资易被套牢、钱财出去难回收。小心劫财，朋友借钱、借贷、炒股易亏本。下层入库是被环境劫财、泄财，别人得财你出财，被动一概不行。自我入库为为己花钱、钱财被劫。",
  "lowerQi": "入库",
  "lowerStrategy": "跟随既有资源",
  "mainFunc": "主功能",
  "mainFuncAction": "思想功能主先天思考模式，主功能比副功能勤劳、动体力与人力；阳性反应主动积极、能力外显，阴性反应被动、待上层提携。",
  "mainFuncDesc": "主动性强、勤劳踏实、白手起家，适合操作流年",
  "mainFuncMethod": "与上层长辈磁场关系为主（35岁前先天个性）；主功能可白手起家、操作流年在于勤劳踏实，从商多于从政。",
  "mainNum": 6,
  "marriage": "破象",
  "marriageBreakKey": "水克土",
  "marriageDesc": "感情有波折",
  "marriageFull": {
    "七条": [
      "一、您的婚姻现象属于比较不稳定，波折变化较大的一种。",
      "二、一定要慎重选择一个适合的结婚对象，可选择有形影不离或最爱的磁场组合来搭配；万一两人命格组合不是很合适，加上又不懂得好好经营的话，自然很容易走上离婚的结局。",
      "三、属于瞬间接触、快速发展的感情关系；不适合八年抗战，应该速战速决；不然相处久了，一定会开始挑剔、自我破坏。",
      "四、若要让婚姻长久持续下去，要想尽办法保持感情的热度不减，这是婚姻过程中必须面对的重要课题。",
      "五、若相处已经感觉到索然无味，难以再燃起热情之火苗，这段感情将会很快结束，不太容易拖拉延续。",
      "六、夫妻双方的努力、用心经营，是决定婚姻感情的成功关键。",
    ],
    "建议": "速战速决、保持热度；慎重择偶，用心经营。",
    "总述": "感情磁场是属于波折比较大的。",
    "注意": "A. 速战速决（感情宜尽早稳定下来避免夜长梦多）。B. 情达高峰期（随时要有浪漫的惊喜）。C. 一层不变的生活（不宜公式化的感情生活）。",
    "缘灭": "莫名奇妙的冲突（挑剔与自我破坏）。",
    "缘起": "瞬间接触，进而恋情快速发展。",
    "要点": [
      "1. 如果事业成就愈高，则拥有小老婆或红粉知己机率比别人高。",
      "2. 婚后对异性的吸引力很强（婚后很有异性缘）。",
      "3. 谈恋爱且论及婚嫁时，若在六个月内尚无结论，易分。",
      "4. 离婚机率高。",
    ],
  },
  "marriageSub": undefined,
  "mgtDesc": "迅雷型管理",
  "mgtFull": "管理指数甚高（80分），排名第三。管理细胞再生速度很快，像肝细胞一样可以再生。在管理上很容易进入状况，并且有多重变化。迅雷式的管理风格——让人有雷厉风行的感觉。是唯一可以接受行动功能呈阳性反应者的一型。名人：曹操、毛泽东。",
  "mgtScore": 80,
  "mgtType": "急风型",
  "month": 3,
  "name": "李明",
  "outerCaution": "求异动为主。组织、环境、结构三者皆可异动，不宜维持固定、守在原位。生意不顺可转型、调整布局、转变思绪；企业老板可换房子或换办公室、重新装修。凡工作不顺，今年换工作好，借转变的颠倒力量扭转趋势，由不好变好。田宅可换大房子或内部装潢粉刷，是异动最强烈的一年。",
  "outerEnergy": "病",
  "outerGua": "转变病",
  "outerNote": "不变则会被压住。若前面很顺，尝试改变位置或职务调动即可；若前面不顺，换屋或重装借助转变的气。转变之后晦暗的气会紧接进来，若不转则被压。转变可能好坏参半（如薪水变佣金），脾气易浮躁、心情不稳定，须先稳心再动。",
  "outerQi": "转变",
  "outerStrategy": "跟上沟通转型方向",
  "ren": 15,
  "renWx": "土",
  "selfCaution": "求异动为主。组织、环境、结构三者皆可异动，不宜维持固定、守在原位。生意不顺可转型、调整布局、转变思绪；企业老板可换房子或换办公室、重新装修。凡工作不顺，今年换工作好，借转变的颠倒力量扭转趋势，由不好变好。田宅可换大房子或内部装潢粉刷，是异动最强烈的一年。",
  "selfEnergy": "病",
  "selfGua": "转变病",
  "selfNote": "不变则会被压住。若前面很顺，尝试改变位置或职务调动即可；若前面不顺，换屋或重装借助转变的气。转变之后晦暗的气会紧接进来，若不转则被压。转变可能好坏参半（如薪水变佣金），脾气易浮躁、心情不稳定，须先稳心再动。",
  "selfQi": "转变",
  "selfStrategy": "跟上沟通转型方向",
  "subSupport": {
    "要点": "捉摸不定",
    "说明": "独树一帜。",
  },
  "subSupportNum": 9,
  "thinkDesc": "稳定、保守，善于承接、执着、思想隐藏，较有规律性、凝聚力强、保护、家族整理型之命格（与木克土有别），爱讲道理、不太敢突破、重情面，有时过于坚持、顽固而导致人际关系之破坏。适合继承家业或长期稳定发展的事业。",
  "thinkRel": "土生金",
  "tian": 8,
  "tianWx": "金",
  "total": 15,
  "unknownChars": [],
  "upperCaution": "求升格为主，在原来资源中往上提升、求得成长，不宜过度膨胀、透支发展、超过体质。承接老板给的机会，组织扩大、开分公司；稳健经营。自我走升创造第二个获利（限于正财）。对属下授权、让其成长。",
  "upperEnergy": "临官",
  "upperGua": "升格临官",
  "upperNote": "想升官须平时跟上层保持良好人际关系，待上层有空缺异动才有机会。负面有官司上升、另谋职业、三心二意、脱离现有工作往外发展。下层走升合伙必拆、属下抗拒、别人升官对你不利；夫妻不能共事。田宅容易由一而二。",
  "upperQi": "升格",
  "upperStrategy": "积极表现",
  "wai": 1,
  "wealthPalace": "库泄",
  "wealthPalaceDesc": "大方型，钱留不住",
  "wealthPath": "加3（机运暗财型）：受栽培，赚钱无人知",
  "wxActionFull": "",
  "wxThinkFull": "稳定、保守，善于承接、执着、思想隐藏，较有规律性、凝聚力强、保护、家族整理型之命格（与木克土有别），爱讲道理、不太敢突破、重情面，有时过于坚持、顽固而导致人际关系之破坏。适合继承家业或长期稳定发展的事业。",
  "xiangStrategy": {
    "争夺": {
      "caution": "能力见真章，竞争激烈",
      "lower": "奖惩分明防挖角",
      "outer": "守好基本盘再扩张",
      "self": "能力被考验",
      "upper": "需上层支持",
    },
    "享成": {
      "caution": "最忌得意忘形",
      "lower": "大方分享凝聚人心",
      "outer": "巩固合作关系",
      "self": "犒赏自己",
      "upper": "感恩回报",
    },
    "付出": {
      "caution": "放弃则前功尽弃",
      "lower": "短期看不到回报",
      "outer": "多付出少计较",
      "self": "不要放弃",
      "upper": "付出不求回报",
    },
    "入库": {
      "caution": "守成为上，不宜冒进",
      "lower": "给下属安全感",
      "outer": "维护老客户",
      "self": "守住老本不宜开创",
      "upper": "跟随既有资源",
    },
    "升格": {
      "caution": "升格也招嫉妒，注意人际",
      "lower": "栽培人才",
      "outer": "适宜谈判签约",
      "self": "提升自身层级",
      "upper": "积极表现",
    },
    "名望": {
      "caution": "名望双刃剑，忌骄傲",
      "lower": "以身作则",
      "outer": "建立口碑",
      "self": "打造个人品牌",
      "upper": "展现专业",
    },
    "开拓": {
      "caution": "不可冲太快，稳中求进",
      "lower": "激团队士气",
      "outer": "拓展新合作",
      "self": "开拓新领域",
      "upper": "获授权大胆前进",
    },
    "晦暗": {
      "caution": "容易被误导，高调必有是非",
      "lower": "多关心少强求",
      "outer": "不熟领域别碰",
      "self": "反思学习",
      "upper": "不宜主动请缨",
    },
    "转变": {
      "caution": "前五年经营决定转好转坏，不可独闯",
      "lower": "引导下属适应变化",
      "outer": "合作关键转折点",
      "self": "抛弃旧包袱扭转乾坤",
      "upper": "跟上沟通转型方向",
    },
  },
  "xingyunCaution": "",
  "xingyunFull": "很懂得守财，财库的代表。但要追随老板不能独立作战，要去配合别人。最忌过度重利。吸财力强，先天对财有概念。性格执着专注，人际中自带吸引力，异性缘佳。",
  "xingyunMeaning": "",
  "xingyunName": "禄存星",
  "xingyunPoints": [
    "1很懂得守财，也是财库的代表，但这是追随老板不能独立做战，要去配合别人。",
    "2此星最忌过度重利，若女孩较为执着；男孩则有异性缘，天助、自助、女人助。",
    "3财宫15：吸财力强、很容易接受钱的概念，先天对财有概念",
    "笔画16-20",
  ],
  "xingyunTips": "",
  "xingyunTrait": "",
  "xuAge": 39,
  "year": 1988,
  "years": [
    {
      "age": 1,
      "chance": "升格",
      "gua": "困滩",
      "jiedu": "依靠组织不独立",
      "koujue": "龙困乾涸难伸展 养精蓄锐勿上滩",
      "year": 1988,
      "yun": "绝",
    },
    {
      "age": 2,
      "chance": "开拓",
      "gua": "作梦",
      "jiedu": "好像是机会但假象",
      "koujue": "曙光一现乍见天 就恐造成南柯梦",
      "year": 1989,
      "yun": "胎",
    },
    {
      "age": 3,
      "chance": "转变",
      "gua": "转机",
      "jiedu": "关键卦，8月后马上转",
      "koujue": "天窗一开新鲜气 仲夏过后大转机",
      "year": 1990,
      "yun": "养",
    },
    {
      "age": 4,
      "chance": "晦暗",
      "gua": "是非",
      "jiedu": "不能做暗事高调有是非",
      "koujue": "暗夜偷生异地喜 奈何回乡满城雨",
      "year": 1991,
      "yun": "长生",
    },
    {
      "age": 5,
      "chance": "享成",
      "gua": "不诚",
      "jiedu": "不诚心就没有格局",
      "koujue": "神仙护佑诚心客 枉然独闯难有格",
      "year": 1992,
      "yun": "冠带",
    },
    {
      "age": 6,
      "chance": "争夺",
      "gua": "苦渡",
      "jiedu": "辛苦但能过",
      "koujue": "前有恶煞后有虎 此关渡得真辛苦",
      "year": 1993,
      "yun": "临官",
    },
    {
      "age": 7,
      "chance": "付出",
      "gua": "根基",
      "jiedu": "看前面的基础",
      "koujue": "想再多闯新天地 一切成败看根基",
      "year": 1994,
      "yun": "帝旺",
    },
    {
      "age": 8,
      "chance": "名望",
      "gua": "因果",
      "jiedu": "前五年经营体现",
      "koujue": "机运当强论成败 努力回顾前五载",
      "year": 1995,
      "yun": "衰",
    },
    {
      "age": 9,
      "chance": "入库",
      "gua": "经营",
      "jiedu": "赚七分新亏三分旧",
      "koujue": "七分利来三分债 坚守经营可旺财",
      "year": 1996,
      "yun": "病",
    },
    {
      "age": 10,
      "chance": "升格",
      "gua": "层级",
      "jiedu": "关键卦，看你的层级",
      "koujue": "龙有龙形虎有步 老鼠最盛在暗处",
      "year": 1997,
      "yun": "死",
    },
    {
      "age": 11,
      "chance": "开拓",
      "gua": "未开",
      "jiedu": "按兵不动生门未开",
      "koujue": "今想还阳又何奈 只是生门打不开",
      "year": 1998,
      "yun": "绝",
    },
    {
      "age": 12,
      "chance": "转变",
      "gua": "乾坤",
      "jiedu": "天地运要有正气",
      "koujue": "抛去以往旧包袱 扭转乾坤从头来",
      "year": 1999,
      "yun": "胎",
    },
    {
      "age": 13,
      "chance": "晦暗",
      "gua": "投机",
      "jiedu": "不要投机",
      "koujue": "黑暗煞神从天降 投得短机亏双空",
      "year": 2000,
      "yun": "养",
    },
    {
      "age": 14,
      "chance": "享成",
      "gua": "再生",
      "jiedu": "天来帮助",
      "koujue": "天显神机来相助 求得重生现江湖",
      "year": 2001,
      "yun": "长生",
    },
    {
      "age": 15,
      "chance": "争夺",
      "gua": "忙碌",
      "jiedu": "打好基础不可独闯",
      "koujue": "帅喜印来将要旗 一夫当关万人敌",
      "year": 2002,
      "yun": "冠带",
    },
    {
      "age": 16,
      "chance": "付出",
      "gua": "奔驰",
      "jiedu": "不能休息要跑起来",
      "koujue": "赤兔神驹风和配 日奔千里不觉累",
      "year": 2003,
      "yun": "临官",
    },
    {
      "age": 17,
      "chance": "名望",
      "gua": "登峰",
      "jiedu": "最好的运，看你成就水平",
      "koujue": "登峰谦卑可造极 求名得名利得利",
      "year": 2004,
      "yun": "帝旺",
    },
    {
      "age": 18,
      "chance": "入库",
      "gua": "忌贪",
      "jiedu": "不可贪心",
      "koujue": "有气无力节节退 贪得无厌必自毁",
      "year": 2005,
      "yun": "衰",
    },
    {
      "age": 19,
      "chance": "升格",
      "gua": "图利",
      "jiedu": "可激流勇退变现",
      "koujue": "原封不动难相处 转变必有利可图",
      "year": 2006,
      "yun": "病",
    },
    {
      "age": 20,
      "chance": "开拓",
      "gua": "野心",
      "jiedu": "关键卦，横向跨界要慢",
      "koujue": "鹊巢易主鸠来占 野心勃勃速难成",
      "year": 2007,
      "yun": "死",
    },
    {
      "age": 21,
      "chance": "转变",
      "gua": "过时",
      "jiedu": "没机会了可转移",
      "koujue": "飞龙在天已过时 再闯天关必有失",
      "year": 2008,
      "yun": "绝",
    },
    {
      "age": 22,
      "chance": "晦暗",
      "gua": "求藏",
      "jiedu": "主动退下来低调",
      "koujue": "昏天暗地事难解 求藏容易求脱难",
      "year": 2009,
      "yun": "胎",
    },
    {
      "age": 23,
      "chance": "享成",
      "gua": "赐福",
      "jiedu": "可赐福不可解难",
      "koujue": "天官赐福在年初 喜事可遇祸不求",
      "year": 2010,
      "yun": "养",
    },
    {
      "age": 24,
      "chance": "争夺",
      "gua": "假象",
      "jiedu": "所有现象都是假的",
      "koujue": "内有困像外有机 恐是一片假象起",
      "year": 2011,
      "yun": "长生",
    },
    {
      "age": 25,
      "chance": "付出",
      "gua": "断后",
      "jiedu": "不可投资",
      "koujue": "世外桃源似奇迹 忙得前段无后期",
      "year": 2012,
      "yun": "冠带",
    },
    {
      "age": 26,
      "chance": "名望",
      "gua": "名声",
      "jiedu": "找大靠山大你72倍",
      "koujue": "机到同时运当前 二郎神边哮天犬",
      "year": 2013,
      "yun": "临官",
    },
    {
      "age": 27,
      "chance": "入库",
      "gua": "努力",
      "jiedu": "经商好从政得支持",
      "koujue": "金银财宝在地底 努力挖掘莫猜疑",
      "year": 2014,
      "yun": "帝旺",
    },
    {
      "age": 28,
      "chance": "升格",
      "gua": "栽培",
      "jiedu": "主动要求更上层",
      "koujue": "升官机会前等待 求得贵人把我栽",
      "year": 2015,
      "yun": "衰",
    },
    {
      "age": 29,
      "chance": "开拓",
      "gua": "失蹄",
      "jiedu": "不该投资",
      "koujue": "今日风采不如昔 四战三败马失蹄",
      "year": 2016,
      "yun": "病",
    },
    {
      "age": 30,
      "chance": "转变",
      "gua": "转世",
      "jiedu": "关键卦，看似无路却能救",
      "koujue": "山穷水尽疑无路 柳暗花明又一村",
      "year": 2017,
      "yun": "死",
    },
    {
      "age": 31,
      "chance": "晦暗",
      "gua": "乌云",
      "jiedu": "90年最不好的一年",
      "koujue": "陷进泥沼无支撑 又逢满天乌云层",
      "year": 2018,
      "yun": "绝",
    },
    {
      "age": 32,
      "chance": "享成",
      "gua": "回报",
      "jiedu": "只能被动等不能急",
      "koujue": "前种福田好乐施 感恩回报在此时",
      "year": 2019,
      "yun": "胎",
    },
    {
      "age": 33,
      "chance": "争夺",
      "gua": "额外",
      "jiedu": "不要多得",
      "koujue": "纷纷争争外相亲 多得一份苦煞心",
      "year": 2020,
      "yun": "养",
    },
    {
      "age": 34,
      "chance": "付出",
      "gua": "突围",
      "jiedu": "事业会结束",
      "koujue": "四面楚歌十面伏 突出重围江东哭",
      "year": 2021,
      "yun": "长生",
    },
    {
      "age": 35,
      "chance": "名望",
      "gua": "名望",
      "jiedu": "靠知名度，出名七分留三分",
      "koujue": "威震九洲是二爷 光芒四射怕引蝶",
      "year": 2022,
      "yun": "冠带",
    },
    {
      "age": 36,
      "chance": "入库",
      "gua": "昙花",
      "jiedu": "昙花一现要低调",
      "koujue": "拨得云开见月圆 就怕好景昙花现",
      "year": 2023,
      "yun": "临官",
    },
    {
      "age": 37,
      "chance": "升格",
      "gua": "强敌",
      "jiedu": "上去很难还有人拖后腿",
      "koujue": "更上层楼已艰辛 奈何又现程咬金",
      "year": 2024,
      "yun": "帝旺",
    },
    {
      "age": 38,
      "chance": "开拓",
      "gua": "退隐",
      "jiedu": "要退后放下修身养性",
      "koujue": "缓缓衰退名难再 不如修道或吃斋",
      "year": 2025,
      "yun": "衰",
    },
    {
      "age": 39,
      "chance": "转变",
      "gua": "不定",
      "jiedu": "很不稳定的运",
      "koujue": "多云阵阵不定天 早败年底晚三年",
      "year": 2026,
      "yun": "病",
    },
    {
      "age": 40,
      "chance": "晦暗",
      "gua": "暗渡",
      "jiedu": "不能明着做事要低调",
      "koujue": "暗渡陈仓免遭殃 恶名昭彰在本乡",
      "year": 2027,
      "yun": "死",
    },
    {
      "age": 41,
      "chance": "享成",
      "gua": "贵人",
      "jiedu": "关键卦，有贵人",
      "koujue": "我本无心再期待 怎知贵人要安排",
      "year": 2028,
      "yun": "绝",
    },
    {
      "age": 42,
      "chance": "争夺",
      "gua": "流产",
      "jiedu": "不要去抢，一半就掉",
      "koujue": "烦烦杂杂事生机 要抢必有胎落地",
      "year": 2029,
      "yun": "胎",
    },
    {
      "age": 43,
      "chance": "付出",
      "gua": "空欢",
      "jiedu": "被动接来空欢喜",
      "koujue": "处处天象皆是虚 接得召来空欢喜",
      "year": 2030,
      "yun": "养",
    },
    {
      "age": 44,
      "chance": "名望",
      "gua": "小得",
      "jiedu": "适合局3，捡小利",
      "koujue": "天上星星仙女华 捡到小利得小发",
      "year": 2031,
      "yun": "长生",
    },
    {
      "age": 45,
      "chance": "入库",
      "gua": "抑制",
      "jiedu": "要压抑处理好上层",
      "koujue": "下了金牌压岳飞 冲天之志要收回",
      "year": 2032,
      "yun": "冠带",
    },
    {
      "age": 46,
      "chance": "升格",
      "gua": "兼差",
      "jiedu": "可兼差不要去转",
      "koujue": "机会出现有两三 宁可双兼不要转",
      "year": 2033,
      "yun": "临官",
    },
    {
      "age": 47,
      "chance": "开拓",
      "gua": "无果",
      "jiedu": "不要白手起家守成",
      "koujue": "一片荒凉无边际 种得花果古来稀",
      "year": 2034,
      "yun": "帝旺",
    },
    {
      "age": 48,
      "chance": "转变",
      "gua": "外乡",
      "jiedu": "停顿时往外发展",
      "koujue": "此运不佳会倦怠 往外发展两冬期",
      "year": 2035,
      "yun": "衰",
    },
    {
      "age": 49,
      "chance": "晦暗",
      "gua": "多病",
      "jiedu": "相当不好很难渡过",
      "koujue": "体弱多病真无奈 雪上加霜真无奈",
      "year": 2036,
      "yun": "病",
    },
    {
      "age": 50,
      "chance": "享成",
      "gua": "机运",
      "jiedu": "关键卦，人际好有机会",
      "koujue": "机运贵人南与西 尊上亲下做几许",
      "year": 2037,
      "yun": "死",
    },
    {
      "age": 51,
      "chance": "争夺",
      "gua": "忠诚",
      "jiedu": "要光荣的死可结束",
      "koujue": "人生自古谁无死 留取丹心照汗青",
      "year": 2038,
      "yun": "绝",
    },
    {
      "age": 52,
      "chance": "付出",
      "gua": "小利",
      "jiedu": "有人造就可得小利",
      "koujue": "活气出现暗显机 少接无伤造有力",
      "year": 2039,
      "yun": "胎",
    },
    {
      "age": 53,
      "chance": "名望",
      "gua": "两仪",
      "jiedu": "九年一半好一半不好",
      "koujue": "阴阳两仪交互替 年初不顺年冬吉",
      "year": 2040,
      "yun": "养",
    },
    {
      "age": 54,
      "chance": "入库",
      "gua": "正财",
      "jiedu": "慢慢赚在里面赚",
      "koujue": "暗暗吸收缓缓落 阁内成长赚得多",
      "year": 2041,
      "yun": "长生",
    },
    {
      "age": 55,
      "chance": "升格",
      "gua": "升官",
      "jiedu": "帮到别人得到提升",
      "koujue": "盗得玉玺助帝王 获得兵权又加冠",
      "year": 2042,
      "yun": "冠带",
    },
    {
      "age": 56,
      "chance": "开拓",
      "gua": "追击",
      "jiedu": "要追上去主动去追",
      "koujue": "春雨绵绵偶晴天 乘胜追击在当前",
      "year": 2043,
      "yun": "临官",
    },
    {
      "age": 57,
      "chance": "转变",
      "gua": "实虚",
      "jiedu": "前实后虚",
      "koujue": "高峰转变有时机 前段当实后段虚",
      "year": 2044,
      "yun": "帝旺",
    },
    {
      "age": 58,
      "chance": "晦暗",
      "gua": "衰退",
      "jiedu": "越到年底越要注意",
      "koujue": "有人说我是鳌拜 气数将近年底来",
      "year": 2045,
      "yun": "衰",
    },
    {
      "age": 59,
      "chance": "享成",
      "gua": "变节",
      "jiedu": "拿不到更多可能变节",
      "koujue": "锦上添花难封侯 变节之心已难收",
      "year": 2046,
      "yun": "病",
    },
    {
      "age": 60,
      "chance": "争夺",
      "gua": "无依",
      "jiedu": "被动低调",
      "koujue": "曾经风云功与过 今恐贬官又枷锁",
      "year": 2047,
      "yun": "死",
    },
    {
      "age": 61,
      "chance": "付出",
      "gua": "静观",
      "jiedu": "安静观望不闯新",
      "koujue": "不急不忙静观望 守住旧业胜新关",
      "year": 2048,
      "yun": "绝",
    },
    {
      "age": 62,
      "chance": "名望",
      "gua": "空相",
      "jiedu": "太极运，乱抢乱得一场空",
      "koujue": "一场好景似源头 竹篮打水一场空",
      "year": 2049,
      "yun": "胎",
    },
    {
      "age": 63,
      "chance": "入库",
      "gua": "守成",
      "jiedu": "守成",
      "koujue": "问说诸事如何办 只言守成可平安",
      "year": 2050,
      "yun": "养",
    },
    {
      "age": 64,
      "chance": "升格",
      "gua": "无尾",
      "jiedu": "做什么都没有结果",
      "koujue": "呱呱落地袍与冠 定是溥仪或刘禅",
      "year": 2051,
      "yun": "长生",
    },
    {
      "age": 65,
      "chance": "开拓",
      "gua": "破财",
      "jiedu": "换就没机会",
      "koujue": "看似一片好地带 左挖右垦总破财",
      "year": 2052,
      "yun": "冠带",
    },
    {
      "age": 66,
      "chance": "转变",
      "gua": "翻身",
      "jiedu": "关键卦，可被动换工作",
      "koujue": "鲤鱼龙门新身换 除旧布新得满贯",
      "year": 2053,
      "yun": "临官",
    },
    {
      "age": 67,
      "chance": "晦暗",
      "gua": "遭忌",
      "jiedu": "强出头势必遭忌",
      "koujue": "运上大道气落地 亢龙有悔遭人忌",
      "year": 2054,
      "yun": "帝旺",
    },
    {
      "age": 68,
      "chance": "享成",
      "gua": "短发",
      "jiedu": "换了三年也无结果",
      "koujue": "老怕空名利不来 中年达官无三载",
      "year": 2055,
      "yun": "衰",
    },
    {
      "age": 69,
      "chance": "争夺",
      "gua": "赔本",
      "jiedu": "主动投资必输",
      "koujue": "安排设计来招亲 赔了夫人又折兵",
      "year": 2056,
      "yun": "病",
    },
    {
      "age": 70,
      "chance": "付出",
      "gua": "放弃",
      "jiedu": "不要放弃，主动都输",
      "koujue": "放弃一切觅新路 怎知此步会大输",
      "year": 2057,
      "yun": "死",
    },
    {
      "age": 71,
      "chance": "名望",
      "gua": "虚名",
      "jiedu": "九年就是虚名",
      "koujue": "有人送终有人拱 徒有虚名一场空",
      "year": 2058,
      "yun": "绝",
    },
    {
      "age": 72,
      "chance": "入库",
      "gua": "套牢",
      "jiedu": "任何事都不要做",
      "koujue": "秋瑟过后寒冬至 自投罗网难逃脱",
      "year": 2059,
      "yun": "胎",
    },
    {
      "age": 73,
      "chance": "升格",
      "gua": "贪心",
      "jiedu": "现象是假的",
      "koujue": "气压下降非真迹 贪心不足撑破皮",
      "year": 2060,
      "yun": "养",
    },
    {
      "age": 74,
      "chance": "开拓",
      "gua": "奋斗",
      "jiedu": "能得名难得财",
      "koujue": "闻鸡起舞见祖荻 图强有成靠自己",
      "year": 2061,
      "yun": "长生",
    },
    {
      "age": 75,
      "chance": "转变",
      "gua": "追损",
      "jiedu": "还是虚名一年白忙",
      "koujue": "日正当中我当红 夸父追日饮长空",
      "year": 2062,
      "yun": "冠带",
    },
    {
      "age": 76,
      "chance": "晦暗",
      "gua": "盗取",
      "jiedu": "心里有邪念没结果",
      "koujue": "寒夜深深行急急 若非盗取亦投机",
      "year": 2063,
      "yun": "临官",
    },
    {
      "age": 77,
      "chance": "享成",
      "gua": "奇迹",
      "jiedu": "关键卦，求名不求利",
      "koujue": "不管机会排第几 此去前程有奇迹",
      "year": 2064,
      "yun": "帝旺",
    },
    {
      "age": 78,
      "chance": "争夺",
      "gua": "能力",
      "jiedu": "能看出一个人的能力",
      "koujue": "机会是好也是坏 看我贤能或庸才",
      "year": 2065,
      "yun": "衰",
    },
    {
      "age": 79,
      "chance": "付出",
      "gua": "断足",
      "jiedu": "朋友找你合作不要",
      "koujue": "交错朋友失双足 借问足下可帮谁",
      "year": 2066,
      "yun": "病",
    },
    {
      "age": 80,
      "chance": "名望",
      "gua": "功名",
      "jiedu": "奇迹短暂求名不求利",
      "koujue": "日月同光有奇迹 但求功名不求利",
      "year": 2067,
      "yun": "死",
    },
    {
      "age": 81,
      "chance": "入库",
      "gua": "包袱",
      "jiedu": "所有不同都是引狼入室",
      "koujue": "引狼入室变包袱 沉迷最爱必大输",
      "year": 2068,
      "yun": "绝",
    },
    {
      "age": 82,
      "chance": "升格",
      "gua": "承接",
      "jiedu": "旧货可接新货不行",
      "koujue": "承接一切看前例 若是二胎必大吉",
      "year": 2069,
      "yun": "胎",
    },
    {
      "age": 83,
      "chance": "开拓",
      "gua": "惊险",
      "jiedu": "不好的运慢慢来",
      "koujue": "苦果徐徐布满天 渡得有惊却无险",
      "year": 2070,
      "yun": "养",
    },
    {
      "age": 84,
      "chance": "转变",
      "gua": "苦成",
      "jiedu": "前面辛苦后面成长",
      "koujue": "辛苦成长各参半 更上层楼在后段",
      "year": 2071,
      "yun": "长生",
    },
    {
      "age": 85,
      "chance": "晦暗",
      "gua": "过气",
      "jiedu": "机会没了，属下易走光",
      "koujue": "黑夜魑魅飘忽忽 一将功成万骨枯",
      "year": 2072,
      "yun": "冠带",
    },
    {
      "age": 86,
      "chance": "享成",
      "gua": "祖德",
      "jiedu": "考验人际关系",
      "koujue": "二品官爵诸君要 祖上有德贵人罩",
      "year": 2073,
      "yun": "临官",
    },
    {
      "age": 87,
      "chance": "争夺",
      "gua": "接替",
      "jiedu": "关键卦，后面十年大运",
      "koujue": "加官进爵是天意 死了君王我接替",
      "year": 2074,
      "yun": "帝旺",
    },
    {
      "age": 88,
      "chance": "付出",
      "gua": "回收",
      "jiedu": "前面好最后可得利",
      "koujue": "此段回收财官利 持续努力会升级",
      "year": 2075,
      "yun": "衰",
    },
    {
      "age": 89,
      "chance": "名望",
      "gua": "良臣",
      "jiedu": "找到好人才不能独闯",
      "koujue": "众星拱月可上任 左右护法得良臣",
      "year": 2076,
      "yun": "病",
    },
    {
      "age": 90,
      "chance": "入库",
      "gua": "断头",
      "jiedu": "强行出头一定有事",
      "koujue": "坚守资源在本洲 强行出击必断头",
      "year": 2077,
      "yun": "死",
    },
  ],
  "zhi": 5,
  "zhiCaution": "有人进攻有人守，资源丰富要会收；放弃一切我独行，岁月消失难回首。",
  "zhiDesc": "储存型，稳定守成，适合管财",
  "zhiElement": "阳土",
  "zhiFull": "储存型，稳定守成，适合管财",
  "zhiMeaning": "这一辈子的前程是属于稳定形的，不太会有颠簸起伏的状况发生；除此之外，也在暗示你今生的前程的发展要以守成或是在稳定中成长，以寻找资源丰富的环境为立基点，从政不如从商、求名不如求利、开源创利不如节流生息；何处有收成、就往何处去，凡事以稳定为第一，如果你懂得以这些原则做为追寻的目标，那你的人生将会是『富庶的』。",
  "zhiName": "库星",
  "zhiTips": [
    25,
    34,
    43,
    52,
    61,
    70,
    79,
    88,
  ],
  "zong": 15,
}
`;
